Archive member included to satisfy reference by file (symbol)

/opt/st/stm32cubeide_1.11.2/plugins/com.st.stm32cube.ide.mcu.externaltools.gnu-tools-for-stm32.10.3-2021.10.linux64_1.0.100.202210260954/tools/bin/../lib/gcc/arm-none-eabi/10.3.1/../../../../arm-none-eabi/lib/thumb/v7e-m+fp/hard/libc_nano.a(lib_a-exit.o)
                              /opt/st/stm32cubeide_1.11.2/plugins/com.st.stm32cube.ide.mcu.externaltools.gnu-tools-for-stm32.10.3-2021.10.linux64_1.0.100.202210260954/tools/bin/../lib/gcc/arm-none-eabi/10.3.1/../../../../arm-none-eabi/lib/thumb/v7e-m+fp/hard/crt0.o (exit)
/opt/st/stm32cubeide_1.11.2/plugins/com.st.stm32cube.ide.mcu.externaltools.gnu-tools-for-stm32.10.3-2021.10.linux64_1.0.100.202210260954/tools/bin/../lib/gcc/arm-none-eabi/10.3.1/../../../../arm-none-eabi/lib/thumb/v7e-m+fp/hard/libc_nano.a(lib_a-impure.o)
                              /opt/st/stm32cubeide_1.11.2/plugins/com.st.stm32cube.ide.mcu.externaltools.gnu-tools-for-stm32.10.3-2021.10.linux64_1.0.100.202210260954/tools/bin/../lib/gcc/arm-none-eabi/10.3.1/../../../../arm-none-eabi/lib/thumb/v7e-m+fp/hard/libc_nano.a(lib_a-exit.o) (_global_impure_ptr)
/opt/st/stm32cubeide_1.11.2/plugins/com.st.stm32cube.ide.mcu.externaltools.gnu-tools-for-stm32.10.3-2021.10.linux64_1.0.100.202210260954/tools/bin/../lib/gcc/arm-none-eabi/10.3.1/../../../../arm-none-eabi/lib/thumb/v7e-m+fp/hard/libc_nano.a(lib_a-init.o)
                              /opt/st/stm32cubeide_1.11.2/plugins/com.st.stm32cube.ide.mcu.externaltools.gnu-tools-for-stm32.10.3-2021.10.linux64_1.0.100.202210260954/tools/bin/../lib/gcc/arm-none-eabi/10.3.1/../../../../arm-none-eabi/lib/thumb/v7e-m+fp/hard/crt0.o (__libc_init_array)
/opt/st/stm32cubeide_1.11.2/plugins/com.st.stm32cube.ide.mcu.externaltools.gnu-tools-for-stm32.10.3-2021.10.linux64_1.0.100.202210260954/tools/bin/../lib/gcc/arm-none-eabi/10.3.1/../../../../arm-none-eabi/lib/thumb/v7e-m+fp/hard/libc_nano.a(lib_a-memcpy-stub.o)
                              ./Core/Src/Level_Manager.o (memcpy)
/opt/st/stm32cubeide_1.11.2/plugins/com.st.stm32cube.ide.mcu.externaltools.gnu-tools-for-stm32.10.3-2021.10.linux64_1.0.100.202210260954/tools/bin/../lib/gcc/arm-none-eabi/10.3.1/../../../../arm-none-eabi/lib/thumb/v7e-m+fp/hard/libc_nano.a(lib_a-memset.o)
                              /opt/st/stm32cubeide_1.11.2/plugins/com.st.stm32cube.ide.mcu.externaltools.gnu-tools-for-stm32.10.3-2021.10.linux64_1.0.100.202210260954/tools/bin/../lib/gcc/arm-none-eabi/10.3.1/../../../../arm-none-eabi/lib/thumb/v7e-m+fp/hard/crt0.o (memset)
/opt/st/stm32cubeide_1.11.2/plugins/com.st.stm32cube.ide.mcu.externaltools.gnu-tools-for-stm32.10.3-2021.10.linux64_1.0.100.202210260954/tools/bin/../lib/gcc/arm-none-eabi/10.3.1/thumb/v7e-m+fp/hard/libgcc.a(_arm_addsubdf3.o)
                              ./Core/Src/ILI9225.o (__aeabi_dsub)
/opt/st/stm32cubeide_1.11.2/plugins/com.st.stm32cube.ide.mcu.externaltools.gnu-tools-for-stm32.10.3-2021.10.linux64_1.0.100.202210260954/tools/bin/../lib/gcc/arm-none-eabi/10.3.1/thumb/v7e-m+fp/hard/libgcc.a(_arm_cmpdf2.o)
                              ./Core/Src/ILI9225.o (__aeabi_dcmpeq)

Discarded input sections

 .text          0x0000000000000000        0x0 /opt/st/stm32cubeide_1.11.2/plugins/com.st.stm32cube.ide.mcu.externaltools.gnu-tools-for-stm32.10.3-2021.10.linux64_1.0.100.202210260954/tools/bin/../lib/gcc/arm-none-eabi/10.3.1/thumb/v7e-m+fp/hard/crti.o
 .data          0x0000000000000000        0x0 /opt/st/stm32cubeide_1.11.2/plugins/com.st.stm32cube.ide.mcu.externaltools.gnu-tools-for-stm32.10.3-2021.10.linux64_1.0.100.202210260954/tools/bin/../lib/gcc/arm-none-eabi/10.3.1/thumb/v7e-m+fp/hard/crti.o
 .bss           0x0000000000000000        0x0 /opt/st/stm32cubeide_1.11.2/plugins/com.st.stm32cube.ide.mcu.externaltools.gnu-tools-for-stm32.10.3-2021.10.linux64_1.0.100.202210260954/tools/bin/../lib/gcc/arm-none-eabi/10.3.1/thumb/v7e-m+fp/hard/crti.o
 .data          0x0000000000000000        0x4 /opt/st/stm32cubeide_1.11.2/plugins/com.st.stm32cube.ide.mcu.externaltools.gnu-tools-for-stm32.10.3-2021.10.linux64_1.0.100.202210260954/tools/bin/../lib/gcc/arm-none-eabi/10.3.1/thumb/v7e-m+fp/hard/crtbegin.o
 .rodata        0x0000000000000000       0x24 /opt/st/stm32cubeide_1.11.2/plugins/com.st.stm32cube.ide.mcu.externaltools.gnu-tools-for-stm32.10.3-2021.10.linux64_1.0.100.202210260954/tools/bin/../lib/gcc/arm-none-eabi/10.3.1/thumb/v7e-m+fp/hard/crtbegin.o
 .text          0x0000000000000000       0x7c /opt/st/stm32cubeide_1.11.2/plugins/com.st.stm32cube.ide.mcu.externaltools.gnu-tools-for-stm32.10.3-2021.10.linux64_1.0.100.202210260954/tools/bin/../lib/gcc/arm-none-eabi/10.3.1/../../../../arm-none-eabi/lib/thumb/v7e-m+fp/hard/crt0.o
 .data          0x0000000000000000        0x0 /opt/st/stm32cubeide_1.11.2/plugins/com.st.stm32cube.ide.mcu.externaltools.gnu-tools-for-stm32.10.3-2021.10.linux64_1.0.100.202210260954/tools/bin/../lib/gcc/arm-none-eabi/10.3.1/../../../../arm-none-eabi/lib/thumb/v7e-m+fp/hard/crt0.o
 .bss           0x0000000000000000        0x0 /opt/st/stm32cubeide_1.11.2/plugins/com.st.stm32cube.ide.mcu.externaltools.gnu-tools-for-stm32.10.3-2021.10.linux64_1.0.100.202210260954/tools/bin/../lib/gcc/arm-none-eabi/10.3.1/../../../../arm-none-eabi/lib/thumb/v7e-m+fp/hard/crt0.o
 .ARM.extab     0x0000000000000000        0x0 /opt/st/stm32cubeide_1.11.2/plugins/com.st.stm32cube.ide.mcu.externaltools.gnu-tools-for-stm32.10.3-2021.10.linux64_1.0.100.202210260954/tools/bin/../lib/gcc/arm-none-eabi/10.3.1/../../../../arm-none-eabi/lib/thumb/v7e-m+fp/hard/crt0.o
 .ARM.exidx     0x0000000000000000       0x10 /opt/st/stm32cubeide_1.11.2/plugins/com.st.stm32cube.ide.mcu.externaltools.gnu-tools-for-stm32.10.3-2021.10.linux64_1.0.100.202210260954/tools/bin/../lib/gcc/arm-none-eabi/10.3.1/../../../../arm-none-eabi/lib/thumb/v7e-m+fp/hard/crt0.o
 .ARM.attributes
                0x0000000000000000       0x1c /opt/st/stm32cubeide_1.11.2/plugins/com.st.stm32cube.ide.mcu.externaltools.gnu-tools-for-stm32.10.3-2021.10.linux64_1.0.100.202210260954/tools/bin/../lib/gcc/arm-none-eabi/10.3.1/../../../../arm-none-eabi/lib/thumb/v7e-m+fp/hard/crt0.o
 .group         0x0000000000000000        0xc ./Core/Src/Bitmaps.o
 .group         0x0000000000000000        0xc ./Core/Src/Bitmaps.o
 .group         0x0000000000000000        0xc ./Core/Src/Bitmaps.o
 .group         0x0000000000000000        0xc ./Core/Src/Bitmaps.o
 .group         0x0000000000000000        0xc ./Core/Src/Bitmaps.o
 .group         0x0000000000000000        0xc ./Core/Src/Bitmaps.o
 .group         0x0000000000000000        0xc ./Core/Src/Bitmaps.o
 .group         0x0000000000000000        0xc ./Core/Src/Bitmaps.o
 .group         0x0000000000000000        0xc ./Core/Src/Bitmaps.o
 .group         0x0000000000000000        0xc ./Core/Src/Bitmaps.o
 .group         0x0000000000000000        0xc ./Core/Src/Bitmaps.o
 .group         0x0000000000000000        0xc ./Core/Src/Bitmaps.o
 .group         0x0000000000000000        0xc ./Core/Src/Bitmaps.o
 .group         0x0000000000000000        0xc ./Core/Src/Bitmaps.o
 .group         0x0000000000000000        0xc ./Core/Src/Bitmaps.o
 .group         0x0000000000000000        0xc ./Core/Src/Bitmaps.o
 .group         0x0000000000000000        0xc ./Core/Src/Bitmaps.o
 .text          0x0000000000000000        0x0 ./Core/Src/Bitmaps.o
 .data          0x0000000000000000        0x0 ./Core/Src/Bitmaps.o
 .bss           0x0000000000000000        0x0 ./Core/Src/Bitmaps.o
 .rodata._ZL20player_bitmap_binary
                0x0000000000000000       0xe1 ./Core/Src/Bitmaps.o
 .rodata._ZL19enemy_bitmap_binary
                0x0000000000000000       0xe1 ./Core/Src/Bitmaps.o
 .group         0x0000000000000000        0xc ./Core/Src/Drawable_Content.o
 .group         0x0000000000000000        0xc ./Core/Src/Drawable_Content.o
 .group         0x0000000000000000        0xc ./Core/Src/Drawable_Content.o
 .group         0x0000000000000000        0xc ./Core/Src/Drawable_Content.o
 .group         0x0000000000000000        0xc ./Core/Src/Drawable_Content.o
 .group         0x0000000000000000        0xc ./Core/Src/Drawable_Content.o
 .group         0x0000000000000000        0xc ./Core/Src/Drawable_Content.o
 .group         0x0000000000000000        0xc ./Core/Src/Drawable_Content.o
 .text          0x0000000000000000        0x0 ./Core/Src/Drawable_Content.o
 .data          0x0000000000000000        0x0 ./Core/Src/Drawable_Content.o
 .bss           0x0000000000000000        0x0 ./Core/Src/Drawable_Content.o
 .debug_macro   0x0000000000000000      0xb50 ./Core/Src/Drawable_Content.o
 .debug_macro   0x0000000000000000       0x1c ./Core/Src/Drawable_Content.o
 .debug_macro   0x0000000000000000       0x22 ./Core/Src/Drawable_Content.o
 .debug_macro   0x0000000000000000       0x8e ./Core/Src/Drawable_Content.o
 .debug_macro   0x0000000000000000       0x51 ./Core/Src/Drawable_Content.o
 .debug_macro   0x0000000000000000      0x103 ./Core/Src/Drawable_Content.o
 .debug_macro   0x0000000000000000       0x6a ./Core/Src/Drawable_Content.o
 .debug_macro   0x0000000000000000      0x1df ./Core/Src/Drawable_Content.o
 .group         0x0000000000000000        0xc ./Core/Src/ILI9225.o
 .group         0x0000000000000000        0xc ./Core/Src/ILI9225.o
 .group         0x0000000000000000        0xc ./Core/Src/ILI9225.o
 .group         0x0000000000000000        0xc ./Core/Src/ILI9225.o
 .group         0x0000000000000000        0xc ./Core/Src/ILI9225.o
 .group         0x0000000000000000        0xc ./Core/Src/ILI9225.o
 .group         0x0000000000000000        0xc ./Core/Src/ILI9225.o
 .group         0x0000000000000000        0xc ./Core/Src/ILI9225.o
 .group         0x0000000000000000        0xc ./Core/Src/ILI9225.o
 .group         0x0000000000000000        0xc ./Core/Src/ILI9225.o
 .group         0x0000000000000000        0xc ./Core/Src/ILI9225.o
 .group         0x0000000000000000        0xc ./Core/Src/ILI9225.o
 .group         0x0000000000000000        0xc ./Core/Src/ILI9225.o
 .group         0x0000000000000000        0xc ./Core/Src/ILI9225.o
 .group         0x0000000000000000        0xc ./Core/Src/ILI9225.o
 .group         0x0000000000000000        0xc ./Core/Src/ILI9225.o
 .group         0x0000000000000000        0xc ./Core/Src/ILI9225.o
 .text          0x0000000000000000        0x0 ./Core/Src/ILI9225.o
 .data          0x0000000000000000        0x0 ./Core/Src/ILI9225.o
 .bss           0x0000000000000000        0x0 ./Core/Src/ILI9225.o
 .text._Z8delay_usl
                0x0000000000000000       0x2a ./Core/Src/ILI9225.o
 .text._Z14draw_fast_charcccjj
                0x0000000000000000      0x124 ./Core/Src/ILI9225.o
 .text._Z16draw_fast_stringccjjPc
                0x0000000000000000       0x58 ./Core/Src/ILI9225.o
 .text._Z11draw_bitmapiiiiiPKj
                0x0000000000000000      0x108 ./Core/Src/ILI9225.o
 .debug_macro   0x0000000000000000      0xb50 ./Core/Src/ILI9225.o
 .debug_macro   0x0000000000000000       0x16 ./Core/Src/ILI9225.o
 .debug_macro   0x0000000000000000       0x1c ./Core/Src/ILI9225.o
 .debug_macro   0x0000000000000000       0x22 ./Core/Src/ILI9225.o
 .debug_macro   0x0000000000000000       0x8e ./Core/Src/ILI9225.o
 .debug_macro   0x0000000000000000       0x51 ./Core/Src/ILI9225.o
 .debug_macro   0x0000000000000000      0x103 ./Core/Src/ILI9225.o
 .debug_macro   0x0000000000000000       0x6a ./Core/Src/ILI9225.o
 .debug_macro   0x0000000000000000      0x1df ./Core/Src/ILI9225.o
 .debug_macro   0x0000000000000000       0x28 ./Core/Src/ILI9225.o
 .debug_macro   0x0000000000000000       0x1c ./Core/Src/ILI9225.o
 .debug_macro   0x0000000000000000       0x22 ./Core/Src/ILI9225.o
 .debug_macro   0x0000000000000000       0xd9 ./Core/Src/ILI9225.o
 .debug_macro   0x0000000000000000     0x102d ./Core/Src/ILI9225.o
 .debug_macro   0x0000000000000000      0x11f ./Core/Src/ILI9225.o
 .debug_macro   0x0000000000000000     0xb86c ./Core/Src/ILI9225.o
 .debug_macro   0x0000000000000000      0x21a ./Core/Src/ILI9225.o
 .group         0x0000000000000000        0xc ./Core/Src/IM_IO.o
 .group         0x0000000000000000        0xc ./Core/Src/IM_IO.o
 .group         0x0000000000000000        0xc ./Core/Src/IM_IO.o
 .group         0x0000000000000000        0xc ./Core/Src/IM_IO.o
 .group         0x0000000000000000        0xc ./Core/Src/IM_IO.o
 .group         0x0000000000000000        0xc ./Core/Src/IM_IO.o
 .group         0x0000000000000000        0xc ./Core/Src/IM_IO.o
 .group         0x0000000000000000        0xc ./Core/Src/IM_IO.o
 .group         0x0000000000000000        0xc ./Core/Src/IM_IO.o
 .group         0x0000000000000000        0xc ./Core/Src/IM_IO.o
 .group         0x0000000000000000        0xc ./Core/Src/IM_IO.o
 .group         0x0000000000000000        0xc ./Core/Src/IM_IO.o
 .group         0x0000000000000000        0xc ./Core/Src/IM_IO.o
 .group         0x0000000000000000        0xc ./Core/Src/IM_IO.o
 .group         0x0000000000000000        0xc ./Core/Src/IM_IO.o
 .group         0x0000000000000000        0xc ./Core/Src/IM_IO.o
 .group         0x0000000000000000        0xc ./Core/Src/IM_IO.o
 .text          0x0000000000000000        0x0 ./Core/Src/IM_IO.o
 .data          0x0000000000000000        0x0 ./Core/Src/IM_IO.o
 .bss           0x0000000000000000        0x0 ./Core/Src/IM_IO.o
 .text._Z9enable_csv
                0x0000000000000000       0x20 ./Core/Src/IM_IO.o
 .text._Z10disable_csv
                0x0000000000000000       0x20 ./Core/Src/IM_IO.o
 .debug_macro   0x0000000000000000      0xb50 ./Core/Src/IM_IO.o
 .debug_macro   0x0000000000000000       0x28 ./Core/Src/IM_IO.o
 .debug_macro   0x0000000000000000       0x1c ./Core/Src/IM_IO.o
 .debug_macro   0x0000000000000000       0x22 ./Core/Src/IM_IO.o
 .debug_macro   0x0000000000000000       0x8e ./Core/Src/IM_IO.o
 .debug_macro   0x0000000000000000       0x51 ./Core/Src/IM_IO.o
 .debug_macro   0x0000000000000000      0x103 ./Core/Src/IM_IO.o
 .debug_macro   0x0000000000000000       0x6a ./Core/Src/IM_IO.o
 .debug_macro   0x0000000000000000      0x1df ./Core/Src/IM_IO.o
 .debug_macro   0x0000000000000000       0x1c ./Core/Src/IM_IO.o
 .debug_macro   0x0000000000000000       0x22 ./Core/Src/IM_IO.o
 .debug_macro   0x0000000000000000       0xd9 ./Core/Src/IM_IO.o
 .debug_macro   0x0000000000000000     0x102d ./Core/Src/IM_IO.o
 .debug_macro   0x0000000000000000      0x11f ./Core/Src/IM_IO.o
 .debug_macro   0x0000000000000000     0xb86c ./Core/Src/IM_IO.o
 .debug_macro   0x0000000000000000       0x16 ./Core/Src/IM_IO.o
 .debug_macro   0x0000000000000000      0x21a ./Core/Src/IM_IO.o
 .group         0x0000000000000000        0x8 ./Core/Src/Level_Manager.o
 .group         0x0000000000000000        0xc ./Core/Src/Level_Manager.o
 .group         0x0000000000000000        0xc ./Core/Src/Level_Manager.o
 .group         0x0000000000000000        0xc ./Core/Src/Level_Manager.o
 .group         0x0000000000000000        0xc ./Core/Src/Level_Manager.o
 .group         0x0000000000000000        0xc ./Core/Src/Level_Manager.o
 .group         0x0000000000000000        0xc ./Core/Src/Level_Manager.o
 .group         0x0000000000000000        0xc ./Core/Src/Level_Manager.o
 .group         0x0000000000000000        0xc ./Core/Src/Level_Manager.o
 .group         0x0000000000000000        0xc ./Core/Src/Level_Manager.o
 .group         0x0000000000000000        0xc ./Core/Src/Level_Manager.o
 .group         0x0000000000000000        0xc ./Core/Src/Level_Manager.o
 .group         0x0000000000000000        0xc ./Core/Src/Level_Manager.o
 .group         0x0000000000000000        0xc ./Core/Src/Level_Manager.o
 .group         0x0000000000000000        0xc ./Core/Src/Level_Manager.o
 .group         0x0000000000000000        0xc ./Core/Src/Level_Manager.o
 .group         0x0000000000000000        0xc ./Core/Src/Level_Manager.o
 .group         0x0000000000000000        0xc ./Core/Src/Level_Manager.o
 .group         0x0000000000000000        0xc ./Core/Src/Level_Manager.o
 .group         0x0000000000000000        0xc ./Core/Src/Level_Manager.o
 .text          0x0000000000000000        0x0 ./Core/Src/Level_Manager.o
 .data          0x0000000000000000        0x0 ./Core/Src/Level_Manager.o
 .bss           0x0000000000000000        0x0 ./Core/Src/Level_Manager.o
 .rodata._ZL20player_bitmap_binary
                0x0000000000000000       0xe1 ./Core/Src/Level_Manager.o
 .rodata._ZL19enemy_bitmap_binary
                0x0000000000000000       0xe1 ./Core/Src/Level_Manager.o
 .debug_macro   0x0000000000000000      0xb50 ./Core/Src/Level_Manager.o
 .debug_macro   0x0000000000000000       0x16 ./Core/Src/Level_Manager.o
 .debug_macro   0x0000000000000000       0x1c ./Core/Src/Level_Manager.o
 .debug_macro   0x0000000000000000       0x22 ./Core/Src/Level_Manager.o
 .debug_macro   0x0000000000000000       0x8e ./Core/Src/Level_Manager.o
 .debug_macro   0x0000000000000000       0x51 ./Core/Src/Level_Manager.o
 .debug_macro   0x0000000000000000      0x103 ./Core/Src/Level_Manager.o
 .debug_macro   0x0000000000000000       0x6a ./Core/Src/Level_Manager.o
 .debug_macro   0x0000000000000000      0x1df ./Core/Src/Level_Manager.o
 .debug_macro   0x0000000000000000       0x28 ./Core/Src/Level_Manager.o
 .debug_macro   0x0000000000000000       0x1c ./Core/Src/Level_Manager.o
 .debug_macro   0x0000000000000000       0x22 ./Core/Src/Level_Manager.o
 .debug_macro   0x0000000000000000       0xd9 ./Core/Src/Level_Manager.o
 .debug_macro   0x0000000000000000     0x102d ./Core/Src/Level_Manager.o
 .debug_macro   0x0000000000000000      0x11f ./Core/Src/Level_Manager.o
 .debug_macro   0x0000000000000000     0xb86c ./Core/Src/Level_Manager.o
 .debug_macro   0x0000000000000000      0x21a ./Core/Src/Level_Manager.o
 .group         0x0000000000000000        0xc ./Core/Src/Renderer.o
 .group         0x0000000000000000        0xc ./Core/Src/Renderer.o
 .group         0x0000000000000000        0xc ./Core/Src/Renderer.o
 .group         0x0000000000000000        0xc ./Core/Src/Renderer.o
 .group         0x0000000000000000        0xc ./Core/Src/Renderer.o
 .group         0x0000000000000000        0xc ./Core/Src/Renderer.o
 .group         0x0000000000000000        0xc ./Core/Src/Renderer.o
 .group         0x0000000000000000        0xc ./Core/Src/Renderer.o
 .group         0x0000000000000000        0xc ./Core/Src/Renderer.o
 .group         0x0000000000000000        0xc ./Core/Src/Renderer.o
 .group         0x0000000000000000        0xc ./Core/Src/Renderer.o
 .group         0x0000000000000000        0xc ./Core/Src/Renderer.o
 .group         0x0000000000000000        0xc ./Core/Src/Renderer.o
 .group         0x0000000000000000        0xc ./Core/Src/Renderer.o
 .group         0x0000000000000000        0xc ./Core/Src/Renderer.o
 .group         0x0000000000000000        0xc ./Core/Src/Renderer.o
 .group         0x0000000000000000        0xc ./Core/Src/Renderer.o
 .group         0x0000000000000000        0xc ./Core/Src/Renderer.o
 .text          0x0000000000000000        0x0 ./Core/Src/Renderer.o
 .data          0x0000000000000000        0x0 ./Core/Src/Renderer.o
 .bss           0x0000000000000000        0x0 ./Core/Src/Renderer.o
 .debug_macro   0x0000000000000000      0xb50 ./Core/Src/Renderer.o
 .debug_macro   0x0000000000000000       0x1c ./Core/Src/Renderer.o
 .debug_macro   0x0000000000000000       0x22 ./Core/Src/Renderer.o
 .debug_macro   0x0000000000000000       0x8e ./Core/Src/Renderer.o
 .debug_macro   0x0000000000000000       0x51 ./Core/Src/Renderer.o
 .debug_macro   0x0000000000000000      0x103 ./Core/Src/Renderer.o
 .debug_macro   0x0000000000000000       0x6a ./Core/Src/Renderer.o
 .debug_macro   0x0000000000000000      0x1df ./Core/Src/Renderer.o
 .debug_macro   0x0000000000000000       0x10 ./Core/Src/Renderer.o
 .debug_macro   0x0000000000000000       0x16 ./Core/Src/Renderer.o
 .debug_macro   0x0000000000000000       0x28 ./Core/Src/Renderer.o
 .debug_macro   0x0000000000000000       0x1c ./Core/Src/Renderer.o
 .debug_macro   0x0000000000000000       0x22 ./Core/Src/Renderer.o
 .debug_macro   0x0000000000000000       0xd9 ./Core/Src/Renderer.o
 .debug_macro   0x0000000000000000     0x102d ./Core/Src/Renderer.o
 .debug_macro   0x0000000000000000      0x11f ./Core/Src/Renderer.o
 .debug_macro   0x0000000000000000     0xb86c ./Core/Src/Renderer.o
 .debug_macro   0x0000000000000000      0x21a ./Core/Src/Renderer.o
 .group         0x0000000000000000        0x8 ./Core/Src/Soldier.o
 .group         0x0000000000000000        0xc ./Core/Src/Soldier.o
 .group         0x0000000000000000        0xc ./Core/Src/Soldier.o
 .group         0x0000000000000000        0xc ./Core/Src/Soldier.o
 .group         0x0000000000000000        0xc ./Core/Src/Soldier.o
 .group         0x0000000000000000        0xc ./Core/Src/Soldier.o
 .group         0x0000000000000000        0xc ./Core/Src/Soldier.o
 .group         0x0000000000000000        0xc ./Core/Src/Soldier.o
 .group         0x0000000000000000        0xc ./Core/Src/Soldier.o
 .group         0x0000000000000000        0xc ./Core/Src/Soldier.o
 .group         0x0000000000000000        0xc ./Core/Src/Soldier.o
 .group         0x0000000000000000        0xc ./Core/Src/Soldier.o
 .group         0x0000000000000000        0xc ./Core/Src/Soldier.o
 .group         0x0000000000000000        0xc ./Core/Src/Soldier.o
 .group         0x0000000000000000        0xc ./Core/Src/Soldier.o
 .group         0x0000000000000000        0xc ./Core/Src/Soldier.o
 .group         0x0000000000000000        0xc ./Core/Src/Soldier.o
 .group         0x0000000000000000        0xc ./Core/Src/Soldier.o
 .group         0x0000000000000000        0xc ./Core/Src/Soldier.o
 .text          0x0000000000000000        0x0 ./Core/Src/Soldier.o
 .data          0x0000000000000000        0x0 ./Core/Src/Soldier.o
 .bss           0x0000000000000000        0x0 ./Core/Src/Soldier.o
 .rodata._ZL20player_bitmap_binary
                0x0000000000000000       0xe1 ./Core/Src/Soldier.o
 .rodata._ZL19enemy_bitmap_binary
                0x0000000000000000       0xe1 ./Core/Src/Soldier.o
 .text._ZN7Soldier6reviveEv
                0x0000000000000000       0x1c ./Core/Src/Soldier.o
 .debug_macro   0x0000000000000000      0xb50 ./Core/Src/Soldier.o
 .debug_macro   0x0000000000000000       0x1c ./Core/Src/Soldier.o
 .debug_macro   0x0000000000000000       0x22 ./Core/Src/Soldier.o
 .debug_macro   0x0000000000000000       0x8e ./Core/Src/Soldier.o
 .debug_macro   0x0000000000000000       0x51 ./Core/Src/Soldier.o
 .debug_macro   0x0000000000000000      0x103 ./Core/Src/Soldier.o
 .debug_macro   0x0000000000000000       0x6a ./Core/Src/Soldier.o
 .debug_macro   0x0000000000000000      0x1df ./Core/Src/Soldier.o
 .debug_macro   0x0000000000000000       0x10 ./Core/Src/Soldier.o
 .debug_macro   0x0000000000000000       0x16 ./Core/Src/Soldier.o
 .debug_macro   0x0000000000000000       0x28 ./Core/Src/Soldier.o
 .debug_macro   0x0000000000000000       0x1c ./Core/Src/Soldier.o
 .debug_macro   0x0000000000000000       0x22 ./Core/Src/Soldier.o
 .debug_macro   0x0000000000000000       0xd9 ./Core/Src/Soldier.o
 .debug_macro   0x0000000000000000     0x102d ./Core/Src/Soldier.o
 .debug_macro   0x0000000000000000      0x11f ./Core/Src/Soldier.o
 .debug_macro   0x0000000000000000     0xb86c ./Core/Src/Soldier.o
 .debug_macro   0x0000000000000000      0x21a ./Core/Src/Soldier.o
 .group         0x0000000000000000        0xc ./Core/Src/Soldier_Handler.o
 .group         0x0000000000000000        0xc ./Core/Src/Soldier_Handler.o
 .group         0x0000000000000000        0xc ./Core/Src/Soldier_Handler.o
 .group         0x0000000000000000        0xc ./Core/Src/Soldier_Handler.o
 .group         0x0000000000000000        0xc ./Core/Src/Soldier_Handler.o
 .group         0x0000000000000000        0xc ./Core/Src/Soldier_Handler.o
 .group         0x0000000000000000        0xc ./Core/Src/Soldier_Handler.o
 .group         0x0000000000000000        0xc ./Core/Src/Soldier_Handler.o
 .group         0x0000000000000000        0xc ./Core/Src/Soldier_Handler.o
 .group         0x0000000000000000        0xc ./Core/Src/Soldier_Handler.o
 .group         0x0000000000000000        0xc ./Core/Src/Soldier_Handler.o
 .group         0x0000000000000000        0xc ./Core/Src/Soldier_Handler.o
 .group         0x0000000000000000        0xc ./Core/Src/Soldier_Handler.o
 .group         0x0000000000000000        0xc ./Core/Src/Soldier_Handler.o
 .group         0x0000000000000000        0xc ./Core/Src/Soldier_Handler.o
 .group         0x0000000000000000        0xc ./Core/Src/Soldier_Handler.o
 .text          0x0000000000000000        0x0 ./Core/Src/Soldier_Handler.o
 .data          0x0000000000000000        0x0 ./Core/Src/Soldier_Handler.o
 .bss           0x0000000000000000        0x0 ./Core/Src/Soldier_Handler.o
 .debug_macro   0x0000000000000000      0xb50 ./Core/Src/Soldier_Handler.o
 .debug_macro   0x0000000000000000       0x1c ./Core/Src/Soldier_Handler.o
 .debug_macro   0x0000000000000000       0x22 ./Core/Src/Soldier_Handler.o
 .debug_macro   0x0000000000000000       0x8e ./Core/Src/Soldier_Handler.o
 .debug_macro   0x0000000000000000       0x51 ./Core/Src/Soldier_Handler.o
 .debug_macro   0x0000000000000000      0x103 ./Core/Src/Soldier_Handler.o
 .debug_macro   0x0000000000000000       0x6a ./Core/Src/Soldier_Handler.o
 .debug_macro   0x0000000000000000      0x1df ./Core/Src/Soldier_Handler.o
 .debug_macro   0x0000000000000000       0x10 ./Core/Src/Soldier_Handler.o
 .debug_macro   0x0000000000000000       0x28 ./Core/Src/Soldier_Handler.o
 .debug_macro   0x0000000000000000       0x1c ./Core/Src/Soldier_Handler.o
 .debug_macro   0x0000000000000000       0x22 ./Core/Src/Soldier_Handler.o
 .debug_macro   0x0000000000000000       0xd9 ./Core/Src/Soldier_Handler.o
 .debug_macro   0x0000000000000000     0x102d ./Core/Src/Soldier_Handler.o
 .debug_macro   0x0000000000000000      0x11f ./Core/Src/Soldier_Handler.o
 .debug_macro   0x0000000000000000     0xb86c ./Core/Src/Soldier_Handler.o
 .group         0x0000000000000000        0x8 ./Core/Src/main.o
 .group         0x0000000000000000        0xc ./Core/Src/main.o
 .group         0x0000000000000000        0xc ./Core/Src/main.o
 .group         0x0000000000000000        0xc ./Core/Src/main.o
 .group         0x0000000000000000        0xc ./Core/Src/main.o
 .group         0x0000000000000000        0xc ./Core/Src/main.o
 .group         0x0000000000000000        0xc ./Core/Src/main.o
 .group         0x0000000000000000        0xc ./Core/Src/main.o
 .group         0x0000000000000000        0xc ./Core/Src/main.o
 .group         0x0000000000000000        0xc ./Core/Src/main.o
 .group         0x0000000000000000        0xc ./Core/Src/main.o
 .group         0x0000000000000000        0xc ./Core/Src/main.o
 .group         0x0000000000000000        0xc ./Core/Src/main.o
 .group         0x0000000000000000        0xc ./Core/Src/main.o
 .group         0x0000000000000000        0xc ./Core/Src/main.o
 .group         0x0000000000000000        0xc ./Core/Src/main.o
 .group         0x0000000000000000        0xc ./Core/Src/main.o
 .group         0x0000000000000000        0xc ./Core/Src/main.o
 .group         0x0000000000000000        0xc ./Core/Src/main.o
 .group         0x0000000000000000        0xc ./Core/Src/main.o
 .group         0x0000000000000000        0xc ./Core/Src/main.o
 .text          0x0000000000000000        0x0 ./Core/Src/main.o
 .data          0x0000000000000000        0x0 ./Core/Src/main.o
 .bss           0x0000000000000000        0x0 ./Core/Src/main.o
 .debug_macro   0x0000000000000000      0xb50 ./Core/Src/main.o
 .debug_macro   0x0000000000000000       0x1c ./Core/Src/main.o
 .debug_macro   0x0000000000000000       0x22 ./Core/Src/main.o
 .debug_macro   0x0000000000000000       0x8e ./Core/Src/main.o
 .debug_macro   0x0000000000000000       0x51 ./Core/Src/main.o
 .debug_macro   0x0000000000000000      0x103 ./Core/Src/main.o
 .debug_macro   0x0000000000000000       0x6a ./Core/Src/main.o
 .debug_macro   0x0000000000000000      0x1df ./Core/Src/main.o
 .debug_macro   0x0000000000000000       0x10 ./Core/Src/main.o
 .debug_macro   0x0000000000000000       0x28 ./Core/Src/main.o
 .debug_macro   0x0000000000000000       0x1c ./Core/Src/main.o
 .debug_macro   0x0000000000000000       0x22 ./Core/Src/main.o
 .debug_macro   0x0000000000000000       0xd9 ./Core/Src/main.o
 .debug_macro   0x0000000000000000     0x102d ./Core/Src/main.o
 .debug_macro   0x0000000000000000      0x11f ./Core/Src/main.o
 .debug_macro   0x0000000000000000     0xb86c ./Core/Src/main.o
 .debug_macro   0x0000000000000000       0x16 ./Core/Src/main.o
 .debug_macro   0x0000000000000000      0x21a ./Core/Src/main.o
 .group         0x0000000000000000        0xc ./Core/Src/system_stm32f4xx.o
 .group         0x0000000000000000        0xc ./Core/Src/system_stm32f4xx.o
 .group         0x0000000000000000        0xc ./Core/Src/system_stm32f4xx.o
 .group         0x0000000000000000        0xc ./Core/Src/system_stm32f4xx.o
 .group         0x0000000000000000        0xc ./Core/Src/system_stm32f4xx.o
 .group         0x0000000000000000        0xc ./Core/Src/system_stm32f4xx.o
 .group         0x0000000000000000        0xc ./Core/Src/system_stm32f4xx.o
 .group         0x0000000000000000        0xc ./Core/Src/system_stm32f4xx.o
 .group         0x0000000000000000        0xc ./Core/Src/system_stm32f4xx.o
 .group         0x0000000000000000        0xc ./Core/Src/system_stm32f4xx.o
 .group         0x0000000000000000        0xc ./Core/Src/system_stm32f4xx.o
 .group         0x0000000000000000        0xc ./Core/Src/system_stm32f4xx.o
 .group         0x0000000000000000        0xc ./Core/Src/system_stm32f4xx.o
 .group         0x0000000000000000        0xc ./Core/Src/system_stm32f4xx.o
 .group         0x0000000000000000        0xc ./Core/Src/system_stm32f4xx.o
 .group         0x0000000000000000        0xc ./Core/Src/system_stm32f4xx.o
 .text          0x0000000000000000        0x0 ./Core/Src/system_stm32f4xx.o
 .data          0x0000000000000000        0x0 ./Core/Src/system_stm32f4xx.o
 .bss           0x0000000000000000        0x0 ./Core/Src/system_stm32f4xx.o
 .data.SystemCoreClock
                0x0000000000000000        0x4 ./Core/Src/system_stm32f4xx.o
 .rodata.AHBPrescTable
                0x0000000000000000       0x10 ./Core/Src/system_stm32f4xx.o
 .rodata.APBPrescTable
                0x0000000000000000        0x8 ./Core/Src/system_stm32f4xx.o
 .text.SystemCoreClockUpdate
                0x0000000000000000      0x100 ./Core/Src/system_stm32f4xx.o
 .debug_macro   0x0000000000000000       0x2e ./Core/Src/system_stm32f4xx.o
 .debug_macro   0x0000000000000000       0x28 ./Core/Src/system_stm32f4xx.o
 .debug_macro   0x0000000000000000       0x22 ./Core/Src/system_stm32f4xx.o
 .debug_macro   0x0000000000000000       0x8e ./Core/Src/system_stm32f4xx.o
 .debug_macro   0x0000000000000000       0x51 ./Core/Src/system_stm32f4xx.o
 .debug_macro   0x0000000000000000      0x103 ./Core/Src/system_stm32f4xx.o
 .debug_macro   0x0000000000000000       0x6a ./Core/Src/system_stm32f4xx.o
 .debug_macro   0x0000000000000000      0x1df ./Core/Src/system_stm32f4xx.o
 .debug_macro   0x0000000000000000       0x1c ./Core/Src/system_stm32f4xx.o
 .debug_macro   0x0000000000000000       0x22 ./Core/Src/system_stm32f4xx.o
 .debug_macro   0x0000000000000000       0xd9 ./Core/Src/system_stm32f4xx.o
 .debug_macro   0x0000000000000000      0x11f ./Core/Src/system_stm32f4xx.o
 .debug_macro   0x0000000000000000     0xb86c ./Core/Src/system_stm32f4xx.o
 .debug_macro   0x0000000000000000       0x6d ./Core/Src/system_stm32f4xx.o
 .text          0x0000000000000000       0x14 ./Core/Startup/startup_stm32f401retx.o
 .data          0x0000000000000000        0x0 ./Core/Startup/startup_stm32f401retx.o
 .bss           0x0000000000000000        0x0 ./Core/Startup/startup_stm32f401retx.o
 .text          0x0000000000000000        0x0 /opt/st/stm32cubeide_1.11.2/plugins/com.st.stm32cube.ide.mcu.externaltools.gnu-tools-for-stm32.10.3-2021.10.linux64_1.0.100.202210260954/tools/bin/../lib/gcc/arm-none-eabi/10.3.1/../../../../arm-none-eabi/lib/thumb/v7e-m+fp/hard/libc_nano.a(lib_a-exit.o)
 .data          0x0000000000000000        0x0 /opt/st/stm32cubeide_1.11.2/plugins/com.st.stm32cube.ide.mcu.externaltools.gnu-tools-for-stm32.10.3-2021.10.linux64_1.0.100.202210260954/tools/bin/../lib/gcc/arm-none-eabi/10.3.1/../../../../arm-none-eabi/lib/thumb/v7e-m+fp/hard/libc_nano.a(lib_a-exit.o)
 .bss           0x0000000000000000        0x0 /opt/st/stm32cubeide_1.11.2/plugins/com.st.stm32cube.ide.mcu.externaltools.gnu-tools-for-stm32.10.3-2021.10.linux64_1.0.100.202210260954/tools/bin/../lib/gcc/arm-none-eabi/10.3.1/../../../../arm-none-eabi/lib/thumb/v7e-m+fp/hard/libc_nano.a(lib_a-exit.o)
 .text.exit     0x0000000000000000       0x28 /opt/st/stm32cubeide_1.11.2/plugins/com.st.stm32cube.ide.mcu.externaltools.gnu-tools-for-stm32.10.3-2021.10.linux64_1.0.100.202210260954/tools/bin/../lib/gcc/arm-none-eabi/10.3.1/../../../../arm-none-eabi/lib/thumb/v7e-m+fp/hard/libc_nano.a(lib_a-exit.o)
 .debug_frame   0x0000000000000000       0x28 /opt/st/stm32cubeide_1.11.2/plugins/com.st.stm32cube.ide.mcu.externaltools.gnu-tools-for-stm32.10.3-2021.10.linux64_1.0.100.202210260954/tools/bin/../lib/gcc/arm-none-eabi/10.3.1/../../../../arm-none-eabi/lib/thumb/v7e-m+fp/hard/libc_nano.a(lib_a-exit.o)
 .ARM.attributes
                0x0000000000000000       0x34 /opt/st/stm32cubeide_1.11.2/plugins/com.st.stm32cube.ide.mcu.externaltools.gnu-tools-for-stm32.10.3-2021.10.linux64_1.0.100.202210260954/tools/bin/../lib/gcc/arm-none-eabi/10.3.1/../../../../arm-none-eabi/lib/thumb/v7e-m+fp/hard/libc_nano.a(lib_a-exit.o)
 .text          0x0000000000000000        0x0 /opt/st/stm32cubeide_1.11.2/plugins/com.st.stm32cube.ide.mcu.externaltools.gnu-tools-for-stm32.10.3-2021.10.linux64_1.0.100.202210260954/tools/bin/../lib/gcc/arm-none-eabi/10.3.1/../../../../arm-none-eabi/lib/thumb/v7e-m+fp/hard/libc_nano.a(lib_a-impure.o)
 .data          0x0000000000000000        0x0 /opt/st/stm32cubeide_1.11.2/plugins/com.st.stm32cube.ide.mcu.externaltools.gnu-tools-for-stm32.10.3-2021.10.linux64_1.0.100.202210260954/tools/bin/../lib/gcc/arm-none-eabi/10.3.1/../../../../arm-none-eabi/lib/thumb/v7e-m+fp/hard/libc_nano.a(lib_a-impure.o)
 .bss           0x0000000000000000        0x0 /opt/st/stm32cubeide_1.11.2/plugins/com.st.stm32cube.ide.mcu.externaltools.gnu-tools-for-stm32.10.3-2021.10.linux64_1.0.100.202210260954/tools/bin/../lib/gcc/arm-none-eabi/10.3.1/../../../../arm-none-eabi/lib/thumb/v7e-m+fp/hard/libc_nano.a(lib_a-impure.o)
 .data._impure_ptr
                0x0000000000000000        0x4 /opt/st/stm32cubeide_1.11.2/plugins/com.st.stm32cube.ide.mcu.externaltools.gnu-tools-for-stm32.10.3-2021.10.linux64_1.0.100.202210260954/tools/bin/../lib/gcc/arm-none-eabi/10.3.1/../../../../arm-none-eabi/lib/thumb/v7e-m+fp/hard/libc_nano.a(lib_a-impure.o)
 .data.impure_data
                0x0000000000000000       0x60 /opt/st/stm32cubeide_1.11.2/plugins/com.st.stm32cube.ide.mcu.externaltools.gnu-tools-for-stm32.10.3-2021.10.linux64_1.0.100.202210260954/tools/bin/../lib/gcc/arm-none-eabi/10.3.1/../../../../arm-none-eabi/lib/thumb/v7e-m+fp/hard/libc_nano.a(lib_a-impure.o)
 .rodata._global_impure_ptr
                0x0000000000000000        0x4 /opt/st/stm32cubeide_1.11.2/plugins/com.st.stm32cube.ide.mcu.externaltools.gnu-tools-for-stm32.10.3-2021.10.linux64_1.0.100.202210260954/tools/bin/../lib/gcc/arm-none-eabi/10.3.1/../../../../arm-none-eabi/lib/thumb/v7e-m+fp/hard/libc_nano.a(lib_a-impure.o)
 .ARM.attributes
                0x0000000000000000       0x34 /opt/st/stm32cubeide_1.11.2/plugins/com.st.stm32cube.ide.mcu.externaltools.gnu-tools-for-stm32.10.3-2021.10.linux64_1.0.100.202210260954/tools/bin/../lib/gcc/arm-none-eabi/10.3.1/../../../../arm-none-eabi/lib/thumb/v7e-m+fp/hard/libc_nano.a(lib_a-impure.o)
 .text          0x0000000000000000        0x0 /opt/st/stm32cubeide_1.11.2/plugins/com.st.stm32cube.ide.mcu.externaltools.gnu-tools-for-stm32.10.3-2021.10.linux64_1.0.100.202210260954/tools/bin/../lib/gcc/arm-none-eabi/10.3.1/../../../../arm-none-eabi/lib/thumb/v7e-m+fp/hard/libc_nano.a(lib_a-init.o)
 .data          0x0000000000000000        0x0 /opt/st/stm32cubeide_1.11.2/plugins/com.st.stm32cube.ide.mcu.externaltools.gnu-tools-for-stm32.10.3-2021.10.linux64_1.0.100.202210260954/tools/bin/../lib/gcc/arm-none-eabi/10.3.1/../../../../arm-none-eabi/lib/thumb/v7e-m+fp/hard/libc_nano.a(lib_a-init.o)
 .bss           0x0000000000000000        0x0 /opt/st/stm32cubeide_1.11.2/plugins/com.st.stm32cube.ide.mcu.externaltools.gnu-tools-for-stm32.10.3-2021.10.linux64_1.0.100.202210260954/tools/bin/../lib/gcc/arm-none-eabi/10.3.1/../../../../arm-none-eabi/lib/thumb/v7e-m+fp/hard/libc_nano.a(lib_a-init.o)
 .text          0x0000000000000000        0x0 /opt/st/stm32cubeide_1.11.2/plugins/com.st.stm32cube.ide.mcu.externaltools.gnu-tools-for-stm32.10.3-2021.10.linux64_1.0.100.202210260954/tools/bin/../lib/gcc/arm-none-eabi/10.3.1/../../../../arm-none-eabi/lib/thumb/v7e-m+fp/hard/libc_nano.a(lib_a-memcpy-stub.o)
 .data          0x0000000000000000        0x0 /opt/st/stm32cubeide_1.11.2/plugins/com.st.stm32cube.ide.mcu.externaltools.gnu-tools-for-stm32.10.3-2021.10.linux64_1.0.100.202210260954/tools/bin/../lib/gcc/arm-none-eabi/10.3.1/../../../../arm-none-eabi/lib/thumb/v7e-m+fp/hard/libc_nano.a(lib_a-memcpy-stub.o)
 .bss           0x0000000000000000        0x0 /opt/st/stm32cubeide_1.11.2/plugins/com.st.stm32cube.ide.mcu.externaltools.gnu-tools-for-stm32.10.3-2021.10.linux64_1.0.100.202210260954/tools/bin/../lib/gcc/arm-none-eabi/10.3.1/../../../../arm-none-eabi/lib/thumb/v7e-m+fp/hard/libc_nano.a(lib_a-memcpy-stub.o)
 .text          0x0000000000000000        0x0 /opt/st/stm32cubeide_1.11.2/plugins/com.st.stm32cube.ide.mcu.externaltools.gnu-tools-for-stm32.10.3-2021.10.linux64_1.0.100.202210260954/tools/bin/../lib/gcc/arm-none-eabi/10.3.1/../../../../arm-none-eabi/lib/thumb/v7e-m+fp/hard/libc_nano.a(lib_a-memset.o)
 .data          0x0000000000000000        0x0 /opt/st/stm32cubeide_1.11.2/plugins/com.st.stm32cube.ide.mcu.externaltools.gnu-tools-for-stm32.10.3-2021.10.linux64_1.0.100.202210260954/tools/bin/../lib/gcc/arm-none-eabi/10.3.1/../../../../arm-none-eabi/lib/thumb/v7e-m+fp/hard/libc_nano.a(lib_a-memset.o)
 .bss           0x0000000000000000        0x0 /opt/st/stm32cubeide_1.11.2/plugins/com.st.stm32cube.ide.mcu.externaltools.gnu-tools-for-stm32.10.3-2021.10.linux64_1.0.100.202210260954/tools/bin/../lib/gcc/arm-none-eabi/10.3.1/../../../../arm-none-eabi/lib/thumb/v7e-m+fp/hard/libc_nano.a(lib_a-memset.o)
 .text.memset   0x0000000000000000       0x10 /opt/st/stm32cubeide_1.11.2/plugins/com.st.stm32cube.ide.mcu.externaltools.gnu-tools-for-stm32.10.3-2021.10.linux64_1.0.100.202210260954/tools/bin/../lib/gcc/arm-none-eabi/10.3.1/../../../../arm-none-eabi/lib/thumb/v7e-m+fp/hard/libc_nano.a(lib_a-memset.o)
 .debug_frame   0x0000000000000000       0x20 /opt/st/stm32cubeide_1.11.2/plugins/com.st.stm32cube.ide.mcu.externaltools.gnu-tools-for-stm32.10.3-2021.10.linux64_1.0.100.202210260954/tools/bin/../lib/gcc/arm-none-eabi/10.3.1/../../../../arm-none-eabi/lib/thumb/v7e-m+fp/hard/libc_nano.a(lib_a-memset.o)
 .ARM.attributes
                0x0000000000000000       0x34 /opt/st/stm32cubeide_1.11.2/plugins/com.st.stm32cube.ide.mcu.externaltools.gnu-tools-for-stm32.10.3-2021.10.linux64_1.0.100.202210260954/tools/bin/../lib/gcc/arm-none-eabi/10.3.1/../../../../arm-none-eabi/lib/thumb/v7e-m+fp/hard/libc_nano.a(lib_a-memset.o)
 .data          0x0000000000000000        0x0 /opt/st/stm32cubeide_1.11.2/plugins/com.st.stm32cube.ide.mcu.externaltools.gnu-tools-for-stm32.10.3-2021.10.linux64_1.0.100.202210260954/tools/bin/../lib/gcc/arm-none-eabi/10.3.1/thumb/v7e-m+fp/hard/libgcc.a(_arm_addsubdf3.o)
 .bss           0x0000000000000000        0x0 /opt/st/stm32cubeide_1.11.2/plugins/com.st.stm32cube.ide.mcu.externaltools.gnu-tools-for-stm32.10.3-2021.10.linux64_1.0.100.202210260954/tools/bin/../lib/gcc/arm-none-eabi/10.3.1/thumb/v7e-m+fp/hard/libgcc.a(_arm_addsubdf3.o)
 .data          0x0000000000000000        0x0 /opt/st/stm32cubeide_1.11.2/plugins/com.st.stm32cube.ide.mcu.externaltools.gnu-tools-for-stm32.10.3-2021.10.linux64_1.0.100.202210260954/tools/bin/../lib/gcc/arm-none-eabi/10.3.1/thumb/v7e-m+fp/hard/libgcc.a(_arm_cmpdf2.o)
 .bss           0x0000000000000000        0x0 /opt/st/stm32cubeide_1.11.2/plugins/com.st.stm32cube.ide.mcu.externaltools.gnu-tools-for-stm32.10.3-2021.10.linux64_1.0.100.202210260954/tools/bin/../lib/gcc/arm-none-eabi/10.3.1/thumb/v7e-m+fp/hard/libgcc.a(_arm_cmpdf2.o)
 .text          0x0000000000000000        0x0 /opt/st/stm32cubeide_1.11.2/plugins/com.st.stm32cube.ide.mcu.externaltools.gnu-tools-for-stm32.10.3-2021.10.linux64_1.0.100.202210260954/tools/bin/../lib/gcc/arm-none-eabi/10.3.1/thumb/v7e-m+fp/hard/crtend.o
 .data          0x0000000000000000        0x0 /opt/st/stm32cubeide_1.11.2/plugins/com.st.stm32cube.ide.mcu.externaltools.gnu-tools-for-stm32.10.3-2021.10.linux64_1.0.100.202210260954/tools/bin/../lib/gcc/arm-none-eabi/10.3.1/thumb/v7e-m+fp/hard/crtend.o
 .bss           0x0000000000000000        0x0 /opt/st/stm32cubeide_1.11.2/plugins/com.st.stm32cube.ide.mcu.externaltools.gnu-tools-for-stm32.10.3-2021.10.linux64_1.0.100.202210260954/tools/bin/../lib/gcc/arm-none-eabi/10.3.1/thumb/v7e-m+fp/hard/crtend.o
 .rodata        0x0000000000000000       0x24 /opt/st/stm32cubeide_1.11.2/plugins/com.st.stm32cube.ide.mcu.externaltools.gnu-tools-for-stm32.10.3-2021.10.linux64_1.0.100.202210260954/tools/bin/../lib/gcc/arm-none-eabi/10.3.1/thumb/v7e-m+fp/hard/crtend.o
 .eh_frame      0x0000000000000000        0x4 /opt/st/stm32cubeide_1.11.2/plugins/com.st.stm32cube.ide.mcu.externaltools.gnu-tools-for-stm32.10.3-2021.10.linux64_1.0.100.202210260954/tools/bin/../lib/gcc/arm-none-eabi/10.3.1/thumb/v7e-m+fp/hard/crtend.o
 .ARM.attributes
                0x0000000000000000       0x34 /opt/st/stm32cubeide_1.11.2/plugins/com.st.stm32cube.ide.mcu.externaltools.gnu-tools-for-stm32.10.3-2021.10.linux64_1.0.100.202210260954/tools/bin/../lib/gcc/arm-none-eabi/10.3.1/thumb/v7e-m+fp/hard/crtend.o
 .text          0x0000000000000000        0x0 /opt/st/stm32cubeide_1.11.2/plugins/com.st.stm32cube.ide.mcu.externaltools.gnu-tools-for-stm32.10.3-2021.10.linux64_1.0.100.202210260954/tools/bin/../lib/gcc/arm-none-eabi/10.3.1/thumb/v7e-m+fp/hard/crtn.o
 .data          0x0000000000000000        0x0 /opt/st/stm32cubeide_1.11.2/plugins/com.st.stm32cube.ide.mcu.externaltools.gnu-tools-for-stm32.10.3-2021.10.linux64_1.0.100.202210260954/tools/bin/../lib/gcc/arm-none-eabi/10.3.1/thumb/v7e-m+fp/hard/crtn.o
 .bss           0x0000000000000000        0x0 /opt/st/stm32cubeide_1.11.2/plugins/com.st.stm32cube.ide.mcu.externaltools.gnu-tools-for-stm32.10.3-2021.10.linux64_1.0.100.202210260954/tools/bin/../lib/gcc/arm-none-eabi/10.3.1/thumb/v7e-m+fp/hard/crtn.o

Memory Configuration

Name             Origin             Length             Attributes
RAM              0x0000000020000000 0x0000000000018000 xrw
FLASH            0x0000000008000000 0x0000000000080000 xr
*default*        0x0000000000000000 0xffffffffffffffff

Linker script and memory map

LOAD /opt/st/stm32cubeide_1.11.2/plugins/com.st.stm32cube.ide.mcu.externaltools.gnu-tools-for-stm32.10.3-2021.10.linux64_1.0.100.202210260954/tools/bin/../lib/gcc/arm-none-eabi/10.3.1/thumb/v7e-m+fp/hard/crti.o
LOAD /opt/st/stm32cubeide_1.11.2/plugins/com.st.stm32cube.ide.mcu.externaltools.gnu-tools-for-stm32.10.3-2021.10.linux64_1.0.100.202210260954/tools/bin/../lib/gcc/arm-none-eabi/10.3.1/thumb/v7e-m+fp/hard/crtbegin.o
LOAD /opt/st/stm32cubeide_1.11.2/plugins/com.st.stm32cube.ide.mcu.externaltools.gnu-tools-for-stm32.10.3-2021.10.linux64_1.0.100.202210260954/tools/bin/../lib/gcc/arm-none-eabi/10.3.1/../../../../arm-none-eabi/lib/thumb/v7e-m+fp/hard/crt0.o
LOAD ./Core/Src/Bitmaps.o
LOAD ./Core/Src/Drawable_Content.o
LOAD ./Core/Src/ILI9225.o
LOAD ./Core/Src/IM_IO.o
LOAD ./Core/Src/Level_Manager.o
LOAD ./Core/Src/Renderer.o
LOAD ./Core/Src/Soldier.o
LOAD ./Core/Src/Soldier_Handler.o
LOAD ./Core/Src/main.o
LOAD ./Core/Src/system_stm32f4xx.o
LOAD ./Core/Startup/startup_stm32f401retx.o
START GROUP
LOAD /opt/st/stm32cubeide_1.11.2/plugins/com.st.stm32cube.ide.mcu.externaltools.gnu-tools-for-stm32.10.3-2021.10.linux64_1.0.100.202210260954/tools/bin/../lib/gcc/arm-none-eabi/10.3.1/../../../../arm-none-eabi/lib/thumb/v7e-m+fp/hard/libstdc++_nano.a
LOAD /opt/st/stm32cubeide_1.11.2/plugins/com.st.stm32cube.ide.mcu.externaltools.gnu-tools-for-stm32.10.3-2021.10.linux64_1.0.100.202210260954/tools/bin/../lib/gcc/arm-none-eabi/10.3.1/../../../../arm-none-eabi/lib/thumb/v7e-m+fp/hard/libsupc++_nano.a
END GROUP
LOAD /opt/st/stm32cubeide_1.11.2/plugins/com.st.stm32cube.ide.mcu.externaltools.gnu-tools-for-stm32.10.3-2021.10.linux64_1.0.100.202210260954/tools/bin/../lib/gcc/arm-none-eabi/10.3.1/../../../../arm-none-eabi/lib/thumb/v7e-m+fp/hard/libstdc++_nano.a
LOAD /opt/st/stm32cubeide_1.11.2/plugins/com.st.stm32cube.ide.mcu.externaltools.gnu-tools-for-stm32.10.3-2021.10.linux64_1.0.100.202210260954/tools/bin/../lib/gcc/arm-none-eabi/10.3.1/../../../../arm-none-eabi/lib/thumb/v7e-m+fp/hard/libm.a
LOAD /opt/st/stm32cubeide_1.11.2/plugins/com.st.stm32cube.ide.mcu.externaltools.gnu-tools-for-stm32.10.3-2021.10.linux64_1.0.100.202210260954/tools/bin/../lib/gcc/arm-none-eabi/10.3.1/../../../../arm-none-eabi/lib/thumb/v7e-m+fp/hard/libc_nano.a
START GROUP
LOAD /opt/st/stm32cubeide_1.11.2/plugins/com.st.stm32cube.ide.mcu.externaltools.gnu-tools-for-stm32.10.3-2021.10.linux64_1.0.100.202210260954/tools/bin/../lib/gcc/arm-none-eabi/10.3.1/thumb/v7e-m+fp/hard/libgcc.a
LOAD /opt/st/stm32cubeide_1.11.2/plugins/com.st.stm32cube.ide.mcu.externaltools.gnu-tools-for-stm32.10.3-2021.10.linux64_1.0.100.202210260954/tools/bin/../lib/gcc/arm-none-eabi/10.3.1/../../../../arm-none-eabi/lib/thumb/v7e-m+fp/hard/libc_nano.a
END GROUP
START GROUP
LOAD /opt/st/stm32cubeide_1.11.2/plugins/com.st.stm32cube.ide.mcu.externaltools.gnu-tools-for-stm32.10.3-2021.10.linux64_1.0.100.202210260954/tools/bin/../lib/gcc/arm-none-eabi/10.3.1/thumb/v7e-m+fp/hard/libgcc.a
LOAD /opt/st/stm32cubeide_1.11.2/plugins/com.st.stm32cube.ide.mcu.externaltools.gnu-tools-for-stm32.10.3-2021.10.linux64_1.0.100.202210260954/tools/bin/../lib/gcc/arm-none-eabi/10.3.1/../../../../arm-none-eabi/lib/thumb/v7e-m+fp/hard/libc_nano.a
END GROUP
LOAD /opt/st/stm32cubeide_1.11.2/plugins/com.st.stm32cube.ide.mcu.externaltools.gnu-tools-for-stm32.10.3-2021.10.linux64_1.0.100.202210260954/tools/bin/../lib/gcc/arm-none-eabi/10.3.1/thumb/v7e-m+fp/hard/crtend.o
LOAD /opt/st/stm32cubeide_1.11.2/plugins/com.st.stm32cube.ide.mcu.externaltools.gnu-tools-for-stm32.10.3-2021.10.linux64_1.0.100.202210260954/tools/bin/../lib/gcc/arm-none-eabi/10.3.1/thumb/v7e-m+fp/hard/crtn.o
                0x0000000020018000                _estack = (ORIGIN (RAM) + LENGTH (RAM))
                0x0000000000000200                _Min_Heap_Size = 0x200
                0x0000000000000400                _Min_Stack_Size = 0x400

.isr_vector     0x0000000008000000      0x194
                0x0000000008000000                . = ALIGN (0x4)
 *(.isr_vector)
 .isr_vector    0x0000000008000000      0x194 ./Core/Startup/startup_stm32f401retx.o
                0x0000000008000000                g_pfnVectors
                0x0000000008000194                . = ALIGN (0x4)

.text           0x0000000008000198     0x1eb4
                0x0000000008000198                . = ALIGN (0x4)
 *(.text)
 .text          0x0000000008000198       0x40 /opt/st/stm32cubeide_1.11.2/plugins/com.st.stm32cube.ide.mcu.externaltools.gnu-tools-for-stm32.10.3-2021.10.linux64_1.0.100.202210260954/tools/bin/../lib/gcc/arm-none-eabi/10.3.1/thumb/v7e-m+fp/hard/crtbegin.o
 .text          0x00000000080001d8      0x378 /opt/st/stm32cubeide_1.11.2/plugins/com.st.stm32cube.ide.mcu.externaltools.gnu-tools-for-stm32.10.3-2021.10.linux64_1.0.100.202210260954/tools/bin/../lib/gcc/arm-none-eabi/10.3.1/thumb/v7e-m+fp/hard/libgcc.a(_arm_addsubdf3.o)
                0x00000000080001d8                __aeabi_drsub
                0x00000000080001e0                __aeabi_dsub
                0x00000000080001e0                __subdf3
                0x00000000080001e4                __adddf3
                0x00000000080001e4                __aeabi_dadd
                0x000000000800045c                __aeabi_ui2d
                0x000000000800045c                __floatunsidf
                0x000000000800047c                __floatsidf
                0x000000000800047c                __aeabi_i2d
                0x00000000080004a0                __extendsfdf2
                0x00000000080004a0                __aeabi_f2d
                0x00000000080004e4                __aeabi_ul2d
                0x00000000080004e4                __floatundidf
                0x00000000080004f4                __floatdidf
                0x00000000080004f4                __aeabi_l2d
 .text          0x0000000008000550      0x110 /opt/st/stm32cubeide_1.11.2/plugins/com.st.stm32cube.ide.mcu.externaltools.gnu-tools-for-stm32.10.3-2021.10.linux64_1.0.100.202210260954/tools/bin/../lib/gcc/arm-none-eabi/10.3.1/thumb/v7e-m+fp/hard/libgcc.a(_arm_cmpdf2.o)
                0x0000000008000550                __gtdf2
                0x0000000008000550                __gedf2
                0x0000000008000558                __ltdf2
                0x0000000008000558                __ledf2
                0x0000000008000560                __cmpdf2
                0x0000000008000560                __eqdf2
                0x0000000008000560                __nedf2
                0x00000000080005dc                __aeabi_cdrcmple
                0x00000000080005ec                __aeabi_cdcmple
                0x00000000080005ec                __aeabi_cdcmpeq
                0x00000000080005fc                __aeabi_dcmpeq
                0x0000000008000610                __aeabi_dcmplt
                0x0000000008000624                __aeabi_dcmple
                0x0000000008000638                __aeabi_dcmpge
                0x000000000800064c                __aeabi_dcmpgt
 *(.text*)
 .text._Z23translate_bitmap_to_rgbPA15_KhPA15_j
                0x0000000008000660       0xfc ./Core/Src/Bitmaps.o
                0x0000000008000660                translate_bitmap_to_rgb(unsigned char const (*) [15], unsigned int (*) [15])
 .text._ZN16Drawable_ContentC2EPA15_jiii
                0x000000000800075c       0x9a ./Core/Src/Drawable_Content.o
                0x000000000800075c                Drawable_Content::Drawable_Content(unsigned int (*) [15], int, int, int)
                0x000000000800075c                Drawable_Content::Drawable_Content(unsigned int (*) [15], int, int, int)
 .text._Z9spi_writeh
                0x00000000080007f6       0x1c ./Core/Src/ILI9225.o
                0x00000000080007f6                spi_write(unsigned char)
 *fill*         0x0000000008000812        0x2 
 .text._Z14lcd_write_datah
                0x0000000008000814       0x3c ./Core/Src/ILI9225.o
                0x0000000008000814                lcd_write_data(unsigned char)
 .text._Z17lcd_write_commandh
                0x0000000008000850       0x3c ./Core/Src/ILI9225.o
                0x0000000008000850                lcd_write_command(unsigned char)
 .text._Z18lcd_write_registerjj
                0x000000000800088c       0x3e ./Core/Src/ILI9225.o
                0x000000000800088c                lcd_write_register(unsigned int, unsigned int)
 .text._Z8swap_intPiS_
                0x00000000080008ca       0x2a ./Core/Src/ILI9225.o
                0x00000000080008ca                swap_int(int*, int*)
 .text._Z9swap_charPcS_
                0x00000000080008f4       0x2a ./Core/Src/ILI9225.o
                0x00000000080008f4                swap_char(char*, char*)
 *fill*         0x000000000800091e        0x2 
 .text._Z8delay_msd
                0x0000000008000920       0x80 ./Core/Src/ILI9225.o
                0x0000000008000920                delay_ms(double)
 .text._Z8lcd_initv
                0x00000000080009a0       0x64 ./Core/Src/ILI9225.o
                0x00000000080009a0                lcd_init()
 *fill*         0x0000000008000a04        0x4 
 .text._Z21lcd_init_command_listv
                0x0000000008000a08      0x1d0 ./Core/Src/ILI9225.o
                0x0000000008000a08                lcd_init_command_list()
 .text._Z10draw_pixelccj
                0x0000000008000bd8       0x5a ./Core/Src/ILI9225.o
                0x0000000008000bd8                draw_pixel(char, char, unsigned int)
 *fill*         0x0000000008000c32        0x2 
 .text._Z14fill_rectangleccccj
                0x0000000008000c34       0xcc ./Core/Src/ILI9225.o
                0x0000000008000c34                fill_rectangle(char, char, char, char, unsigned int)
 .text._Z15set_draw_windowcccc
                0x0000000008000d00       0x96 ./Core/Src/ILI9225.o
                0x0000000008000d00                set_draw_window(char, char, char, char)
 *fill*         0x0000000008000d96        0x2 
 .text._Z9draw_charcccjc
                0x0000000008000d98      0x114 ./Core/Src/ILI9225.o
                0x0000000008000d98                draw_char(char, char, char, unsigned int, char)
 .text._Z11draw_stringccjcPc
                0x0000000008000eac       0x66 ./Core/Src/ILI9225.o
                0x0000000008000eac                draw_string(char, char, unsigned int, char, char*)
 *fill*         0x0000000008000f12        0x2 
 .text._Z14IM_draw_bitmapiiiPA15_Kj
                0x0000000008000f14      0x140 ./Core/Src/ILI9225.o
                0x0000000008000f14                IM_draw_bitmap(int, int, int, unsigned int const (*) [15])
 .text._Z12IM_GPIO_INITv
                0x0000000008001054       0x20 ./Core/Src/IM_IO.o
                0x0000000008001054                IM_GPIO_INIT()
 .text._Z18IM_SPI1_GPIOA_initv
                0x0000000008001074      0x1f4 ./Core/Src/IM_IO.o
                0x0000000008001074                IM_SPI1_GPIOA_init()
 .text._Z12set_SPI1_CR1h
                0x0000000008001268       0x2c ./Core/Src/IM_IO.o
                0x0000000008001268                set_SPI1_CR1(unsigned char)
 .text._Z14reset_SPI1_CR1h
                0x0000000008001294       0x30 ./Core/Src/IM_IO.o
                0x0000000008001294                reset_SPI1_CR1(unsigned char)
 .text._Z14IM_SPI1_configv
                0x00000000080012c4       0x6c ./Core/Src/IM_IO.o
                0x00000000080012c4                IM_SPI1_config()
 .text._Z16IM_SPI1_TransmitPhm
                0x0000000008001330       0xa8 ./Core/Src/IM_IO.o
                0x0000000008001330                IM_SPI1_Transmit(unsigned char*, unsigned long)
 .text._Z14IM_GPIO_SetPinP12GPIO_TypeDeft
                0x00000000080013d8       0x24 ./Core/Src/IM_IO.o
                0x00000000080013d8                IM_GPIO_SetPin(GPIO_TypeDef*, unsigned short)
 .text._Z16IM_GPIO_ResetPinP12GPIO_TypeDeft
                0x00000000080013fc       0x26 ./Core/Src/IM_IO.o
                0x00000000080013fc                IM_GPIO_ResetPin(GPIO_TypeDef*, unsigned short)
 *fill*         0x0000000008001422        0x2 
 .text._Z15is_left_pressedv
                0x0000000008001424       0x24 ./Core/Src/IM_IO.o
                0x0000000008001424                is_left_pressed()
 .text._Z16is_right_pressedv
                0x0000000008001448       0x24 ./Core/Src/IM_IO.o
                0x0000000008001448                is_right_pressed()
 .text._Z17is_select_pressedv
                0x000000000800146c       0x24 ./Core/Src/IM_IO.o
                0x000000000800146c                is_select_pressed()
 .text._Z12speaker_firev
                0x0000000008001490       0x54 ./Core/Src/IM_IO.o
                0x0000000008001490                speaker_fire()
 *fill*         0x00000000080014e4        0x4 
 .text._Z18speaker_music_losev
                0x00000000080014e8       0x9c ./Core/Src/IM_IO.o
                0x00000000080014e8                speaker_music_lose()
 *fill*         0x0000000008001584        0x4 
 .text._Z19speaker_music_startv
                0x0000000008001588       0x9c ./Core/Src/IM_IO.o
                0x0000000008001588                speaker_music_start()
 .text._ZNK7Soldier5get_yEv
                0x0000000008001624       0x18 ./Core/Src/Level_Manager.o
                0x0000000008001624                Soldier::get_y() const
 .text._ZNK7Soldier12get_drawableEv
                0x000000000800163c       0x24 ./Core/Src/Level_Manager.o
                0x000000000800163c                Soldier::get_drawable() const
 .text._ZN13Level_ManagerC2Ev
                0x0000000008001660      0x13c ./Core/Src/Level_Manager.o
                0x0000000008001660                Level_Manager::Level_Manager()
                0x0000000008001660                Level_Manager::Level_Manager()
 .text._ZN13Level_Manager4tickEv
                0x000000000800179c       0x54 ./Core/Src/Level_Manager.o
                0x000000000800179c                Level_Manager::tick()
 .text._ZN13Level_Manager9check_endEv
                0x00000000080017f0       0x62 ./Core/Src/Level_Manager.o
                0x00000000080017f0                Level_Manager::check_end()
 .text._ZN13Level_Manager4drawEv
                0x0000000008001852       0xc8 ./Core/Src/Level_Manager.o
                0x0000000008001852                Level_Manager::draw()
 .text._ZN8Renderer4drawERK16Drawable_Content
                0x000000000800191a       0x4e ./Core/Src/Renderer.o
                0x000000000800191a                Renderer::draw(Drawable_Content const&)
 .text._ZNK7Soldier5get_xEv
                0x0000000008001968       0x18 ./Core/Src/Soldier.o
                0x0000000008001968                Soldier::get_x() const
 .text._ZN7SoldierC2Ev
                0x0000000008001980       0x22 ./Core/Src/Soldier.o
                0x0000000008001980                Soldier::Soldier()
                0x0000000008001980                Soldier::Soldier()
 .text._ZN7SoldierC2EPA15_jii
                0x00000000080019a2       0x40 ./Core/Src/Soldier.o
                0x00000000080019a2                Soldier::Soldier(unsigned int (*) [15], int, int)
                0x00000000080019a2                Soldier::Soldier(unsigned int (*) [15], int, int)
 .text._ZN7Soldier9reset_posEv
                0x00000000080019e2       0x28 ./Core/Src/Soldier.o
                0x00000000080019e2                Soldier::reset_pos()
 .text._ZN7Soldier9move_downEv
                0x0000000008001a0a       0x3c ./Core/Src/Soldier.o
                0x0000000008001a0a                Soldier::move_down()
 .text._ZN7Soldier10move_rightEv
                0x0000000008001a46       0x3c ./Core/Src/Soldier.o
                0x0000000008001a46                Soldier::move_right()
 .text._ZN7Soldier9move_leftEv
                0x0000000008001a82       0x2a ./Core/Src/Soldier.o
                0x0000000008001a82                Soldier::move_left()
 .text._ZN7Soldier4fireEPS_
                0x0000000008001aac       0xb8 ./Core/Src/Soldier.o
                0x0000000008001aac                Soldier::fire(Soldier*)
 .text._ZN7Soldier11reset_frameEv
                0x0000000008001b64       0x24 ./Core/Src/Soldier.o
                0x0000000008001b64                Soldier::reset_frame()
 .text._ZN7Soldier3dieEv
                0x0000000008001b88       0x16 ./Core/Src/Soldier.o
                0x0000000008001b88                Soldier::die()
 .text._ZN7Soldier8is_aliveEv
                0x0000000008001b9e       0x1a ./Core/Src/Soldier.o
                0x0000000008001b9e                Soldier::is_alive()
 .text._ZN15Soldier_HandlerC2Ev
                0x0000000008001bb8       0x32 ./Core/Src/Soldier_Handler.o
                0x0000000008001bb8                Soldier_Handler::Soldier_Handler()
                0x0000000008001bb8                Soldier_Handler::Soldier_Handler()
 .text._ZN15Soldier_Handler14command_playerER7SoldierPS0_
                0x0000000008001bea       0x52 ./Core/Src/Soldier_Handler.o
                0x0000000008001bea                Soldier_Handler::command_player(Soldier&, Soldier*)
 .text._ZN15Soldier_Handler13command_enemyER7Soldierh
                0x0000000008001c3c       0x3e ./Core/Src/Soldier_Handler.o
                0x0000000008001c3c                Soldier_Handler::command_enemy(Soldier&, unsigned char)
 .text._ZN15Soldier_Handler15command_enemiesEP7Soldier
                0x0000000008001c7a       0x58 ./Core/Src/Soldier_Handler.o
                0x0000000008001c7a                Soldier_Handler::command_enemies(Soldier*)
 .text._ZNK13Level_Manager9get_scoreEv
                0x0000000008001cd2       0x18 ./Core/Src/main.o
                0x0000000008001cd2                Level_Manager::get_score() const
 *fill*         0x0000000008001cea        0x2 
 .text._Z19init_graphic_tablesv
                0x0000000008001cec       0x28 ./Core/Src/main.o
                0x0000000008001cec                init_graphic_tables()
 .text._Z11uint_to_strPcm
                0x0000000008001d14       0x6c ./Core/Src/main.o
                0x0000000008001d14                uint_to_str(char*, unsigned long)
 .text.main     0x0000000008001d80      0x190 ./Core/Src/main.o
                0x0000000008001d80                main
 .text.SystemInit
                0x0000000008001f10       0x6c ./Core/Src/system_stm32f4xx.o
                0x0000000008001f10                SystemInit
 .text.Reset_Handler
                0x0000000008001f7c       0x50 ./Core/Startup/startup_stm32f401retx.o
                0x0000000008001f7c                Reset_Handler
 .text.Default_Handler
                0x0000000008001fcc        0x2 ./Core/Startup/startup_stm32f401retx.o
                0x0000000008001fcc                RTC_Alarm_IRQHandler
                0x0000000008001fcc                EXTI2_IRQHandler
                0x0000000008001fcc                DebugMon_Handler
                0x0000000008001fcc                SPI4_IRQHandler
                0x0000000008001fcc                TIM1_CC_IRQHandler
                0x0000000008001fcc                DMA2_Stream5_IRQHandler
                0x0000000008001fcc                HardFault_Handler
                0x0000000008001fcc                DMA1_Stream5_IRQHandler
                0x0000000008001fcc                SysTick_Handler
                0x0000000008001fcc                PVD_IRQHandler
                0x0000000008001fcc                SDIO_IRQHandler
                0x0000000008001fcc                TAMP_STAMP_IRQHandler
                0x0000000008001fcc                PendSV_Handler
                0x0000000008001fcc                NMI_Handler
                0x0000000008001fcc                EXTI3_IRQHandler
                0x0000000008001fcc                TIM1_UP_TIM10_IRQHandler
                0x0000000008001fcc                I2C3_ER_IRQHandler
                0x0000000008001fcc                EXTI0_IRQHandler
                0x0000000008001fcc                I2C2_EV_IRQHandler
                0x0000000008001fcc                DMA1_Stream2_IRQHandler
                0x0000000008001fcc                FPU_IRQHandler
                0x0000000008001fcc                UsageFault_Handler
                0x0000000008001fcc                DMA2_Stream2_IRQHandler
                0x0000000008001fcc                SPI1_IRQHandler
                0x0000000008001fcc                TIM1_BRK_TIM9_IRQHandler
                0x0000000008001fcc                DMA2_Stream3_IRQHandler
                0x0000000008001fcc                USART6_IRQHandler
                0x0000000008001fcc                DMA2_Stream0_IRQHandler
                0x0000000008001fcc                TIM4_IRQHandler
                0x0000000008001fcc                I2C1_EV_IRQHandler
                0x0000000008001fcc                DMA1_Stream6_IRQHandler
                0x0000000008001fcc                DMA1_Stream1_IRQHandler
                0x0000000008001fcc                TIM3_IRQHandler
                0x0000000008001fcc                RCC_IRQHandler
                0x0000000008001fcc                Default_Handler
                0x0000000008001fcc                EXTI15_10_IRQHandler
                0x0000000008001fcc                ADC_IRQHandler
                0x0000000008001fcc                DMA1_Stream7_IRQHandler
                0x0000000008001fcc                TIM5_IRQHandler
                0x0000000008001fcc                DMA2_Stream7_IRQHandler
                0x0000000008001fcc                I2C3_EV_IRQHandler
                0x0000000008001fcc                EXTI9_5_IRQHandler
                0x0000000008001fcc                RTC_WKUP_IRQHandler
                0x0000000008001fcc                SPI2_IRQHandler
                0x0000000008001fcc                MemManage_Handler
                0x0000000008001fcc                DMA1_Stream0_IRQHandler
                0x0000000008001fcc                SVC_Handler
                0x0000000008001fcc                EXTI4_IRQHandler
                0x0000000008001fcc                WWDG_IRQHandler
                0x0000000008001fcc                TIM2_IRQHandler
                0x0000000008001fcc                OTG_FS_WKUP_IRQHandler
                0x0000000008001fcc                TIM1_TRG_COM_TIM11_IRQHandler
                0x0000000008001fcc                EXTI1_IRQHandler
                0x0000000008001fcc                USART2_IRQHandler
                0x0000000008001fcc                I2C2_ER_IRQHandler
                0x0000000008001fcc                DMA2_Stream1_IRQHandler
                0x0000000008001fcc                FLASH_IRQHandler
                0x0000000008001fcc                DMA2_Stream4_IRQHandler
                0x0000000008001fcc                BusFault_Handler
                0x0000000008001fcc                USART1_IRQHandler
                0x0000000008001fcc                OTG_FS_IRQHandler
                0x0000000008001fcc                SPI3_IRQHandler
                0x0000000008001fcc                DMA1_Stream4_IRQHandler
                0x0000000008001fcc                I2C1_ER_IRQHandler
                0x0000000008001fcc                DMA2_Stream6_IRQHandler
                0x0000000008001fcc                DMA1_Stream3_IRQHandler
 *fill*         0x0000000008001fce        0x2 
 .text.__libc_init_array
                0x0000000008001fd0       0x48 /opt/st/stm32cubeide_1.11.2/plugins/com.st.stm32cube.ide.mcu.externaltools.gnu-tools-for-stm32.10.3-2021.10.linux64_1.0.100.202210260954/tools/bin/../lib/gcc/arm-none-eabi/10.3.1/../../../../arm-none-eabi/lib/thumb/v7e-m+fp/hard/libc_nano.a(lib_a-init.o)
                0x0000000008001fd0                __libc_init_array
 .text.memcpy   0x0000000008002018       0x1c /opt/st/stm32cubeide_1.11.2/plugins/com.st.stm32cube.ide.mcu.externaltools.gnu-tools-for-stm32.10.3-2021.10.linux64_1.0.100.202210260954/tools/bin/../lib/gcc/arm-none-eabi/10.3.1/../../../../arm-none-eabi/lib/thumb/v7e-m+fp/hard/libc_nano.a(lib_a-memcpy-stub.o)
                0x0000000008002018                memcpy
 *(.glue_7)
 .glue_7        0x0000000008002034        0x0 linker stubs
 *(.glue_7t)
 .glue_7t       0x0000000008002034        0x0 linker stubs
 *(.eh_frame)
 .eh_frame      0x0000000008002034        0x0 /opt/st/stm32cubeide_1.11.2/plugins/com.st.stm32cube.ide.mcu.externaltools.gnu-tools-for-stm32.10.3-2021.10.linux64_1.0.100.202210260954/tools/bin/../lib/gcc/arm-none-eabi/10.3.1/thumb/v7e-m+fp/hard/crtbegin.o
 *(.init)
 .init          0x0000000008002034        0x4 /opt/st/stm32cubeide_1.11.2/plugins/com.st.stm32cube.ide.mcu.externaltools.gnu-tools-for-stm32.10.3-2021.10.linux64_1.0.100.202210260954/tools/bin/../lib/gcc/arm-none-eabi/10.3.1/thumb/v7e-m+fp/hard/crti.o
                0x0000000008002034                _init
 .init          0x0000000008002038        0x8 /opt/st/stm32cubeide_1.11.2/plugins/com.st.stm32cube.ide.mcu.externaltools.gnu-tools-for-stm32.10.3-2021.10.linux64_1.0.100.202210260954/tools/bin/../lib/gcc/arm-none-eabi/10.3.1/thumb/v7e-m+fp/hard/crtn.o
 *(.fini)
 .fini          0x0000000008002040        0x4 /opt/st/stm32cubeide_1.11.2/plugins/com.st.stm32cube.ide.mcu.externaltools.gnu-tools-for-stm32.10.3-2021.10.linux64_1.0.100.202210260954/tools/bin/../lib/gcc/arm-none-eabi/10.3.1/thumb/v7e-m+fp/hard/crti.o
                0x0000000008002040                _fini
 .fini          0x0000000008002044        0x8 /opt/st/stm32cubeide_1.11.2/plugins/com.st.stm32cube.ide.mcu.externaltools.gnu-tools-for-stm32.10.3-2021.10.linux64_1.0.100.202210260954/tools/bin/../lib/gcc/arm-none-eabi/10.3.1/thumb/v7e-m+fp/hard/crtn.o
                0x000000000800204c                . = ALIGN (0x4)
                0x000000000800204c                _etext = .

.vfp11_veneer   0x000000000800204c        0x0
 .vfp11_veneer  0x000000000800204c        0x0 linker stubs

.v4_bx          0x000000000800204c        0x0
 .v4_bx         0x000000000800204c        0x0 linker stubs

.iplt           0x000000000800204c        0x0
 .iplt          0x000000000800204c        0x0 /opt/st/stm32cubeide_1.11.2/plugins/com.st.stm32cube.ide.mcu.externaltools.gnu-tools-for-stm32.10.3-2021.10.linux64_1.0.100.202210260954/tools/bin/../lib/gcc/arm-none-eabi/10.3.1/thumb/v7e-m+fp/hard/crtbegin.o

.rodata         0x000000000800204c      0x700
                0x000000000800204c                . = ALIGN (0x4)
 *(.rodata)
 .rodata        0x000000000800204c       0x14 ./Core/Src/Level_Manager.o
 .rodata        0x0000000008002060       0x4e ./Core/Src/main.o
 *(.rodata*)
 *fill*         0x00000000080020ae        0x2 
 .rodata._ZL9FontLarge
                0x00000000080020b0      0x4d3 ./Core/Src/ILI9225.o
 *fill*         0x0000000008002583        0x1 
 .rodata._ZL20player_bitmap_binary
                0x0000000008002584       0xe1 ./Core/Src/main.o
 *fill*         0x0000000008002665        0x3 
 .rodata._ZL19enemy_bitmap_binary
                0x0000000008002668       0xe1 ./Core/Src/main.o
                0x000000000800274c                . = ALIGN (0x4)
 *fill*         0x0000000008002749        0x3 

.rel.dyn        0x000000000800274c        0x0
 .rel.iplt      0x000000000800274c        0x0 /opt/st/stm32cubeide_1.11.2/plugins/com.st.stm32cube.ide.mcu.externaltools.gnu-tools-for-stm32.10.3-2021.10.linux64_1.0.100.202210260954/tools/bin/../lib/gcc/arm-none-eabi/10.3.1/thumb/v7e-m+fp/hard/crtbegin.o

.ARM.extab      0x000000000800274c        0x0
                0x000000000800274c                . = ALIGN (0x4)
 *(.ARM.extab* .gnu.linkonce.armextab.*)
                0x000000000800274c                . = ALIGN (0x4)

.ARM            0x000000000800274c        0x0
                0x000000000800274c                . = ALIGN (0x4)
                0x000000000800274c                __exidx_start = .
 *(.ARM.exidx*)
                0x000000000800274c                __exidx_end = .
                0x000000000800274c                . = ALIGN (0x4)

.preinit_array  0x000000000800274c        0x0
                0x000000000800274c                . = ALIGN (0x4)
                0x000000000800274c                PROVIDE (__preinit_array_start = .)
 *(.preinit_array*)
                0x000000000800274c                PROVIDE (__preinit_array_end = .)
                0x000000000800274c                . = ALIGN (0x4)

.init_array     0x000000000800274c        0x4
                0x000000000800274c                . = ALIGN (0x4)
                0x000000000800274c                PROVIDE (__init_array_start = .)
 *(SORT_BY_NAME(.init_array.*))
 *(.init_array*)
 .init_array    0x000000000800274c        0x4 /opt/st/stm32cubeide_1.11.2/plugins/com.st.stm32cube.ide.mcu.externaltools.gnu-tools-for-stm32.10.3-2021.10.linux64_1.0.100.202210260954/tools/bin/../lib/gcc/arm-none-eabi/10.3.1/thumb/v7e-m+fp/hard/crtbegin.o
                0x0000000008002750                PROVIDE (__init_array_end = .)
                0x0000000008002750                . = ALIGN (0x4)

.fini_array     0x0000000008002750        0x4
                0x0000000008002750                . = ALIGN (0x4)
                [!provide]                        PROVIDE (__fini_array_start = .)
 *(SORT_BY_NAME(.fini_array.*))
 *(.fini_array*)
 .fini_array    0x0000000008002750        0x4 /opt/st/stm32cubeide_1.11.2/plugins/com.st.stm32cube.ide.mcu.externaltools.gnu-tools-for-stm32.10.3-2021.10.linux64_1.0.100.202210260954/tools/bin/../lib/gcc/arm-none-eabi/10.3.1/thumb/v7e-m+fp/hard/crtbegin.o
                [!provide]                        PROVIDE (__fini_array_end = .)
                0x0000000008002754                . = ALIGN (0x4)
                0x0000000008002754                _sidata = LOADADDR (.data)

.data           0x0000000020000000        0x0 load address 0x0000000008002754
                0x0000000020000000                . = ALIGN (0x4)
                0x0000000020000000                _sdata = .
 *(.data)
 *(.data*)
 *(.RamFunc)
 *(.RamFunc*)
                0x0000000020000000                . = ALIGN (0x4)
                0x0000000020000000                _edata = .

.igot.plt       0x0000000020000000        0x0 load address 0x0000000008002754
 .igot.plt      0x0000000020000000        0x0 /opt/st/stm32cubeide_1.11.2/plugins/com.st.stm32cube.ide.mcu.externaltools.gnu-tools-for-stm32.10.3-2021.10.linux64_1.0.100.202210260954/tools/bin/../lib/gcc/arm-none-eabi/10.3.1/thumb/v7e-m+fp/hard/crtbegin.o
                0x0000000020000000                . = ALIGN (0x4)

.bss            0x0000000020000000      0x728 load address 0x0000000008002754
                0x0000000020000000                _sbss = .
                0x0000000020000000                __bss_start__ = _sbss
 *(.bss)
 .bss           0x0000000020000000       0x1c /opt/st/stm32cubeide_1.11.2/plugins/com.st.stm32cube.ide.mcu.externaltools.gnu-tools-for-stm32.10.3-2021.10.linux64_1.0.100.202210260954/tools/bin/../lib/gcc/arm-none-eabi/10.3.1/thumb/v7e-m+fp/hard/crtbegin.o
 *(.bss*)
 .bss.global    0x000000002000001c        0x1 ./Core/Src/IM_IO.o
                0x000000002000001c                global
 *fill*         0x000000002000001d        0x3 
 .bss.player_rgb
                0x0000000020000020      0x384 ./Core/Src/main.o
                0x0000000020000020                player_rgb
 .bss.enemy_rgb
                0x00000000200003a4      0x384 ./Core/Src/main.o
                0x00000000200003a4                enemy_rgb
 *(COMMON)
                0x0000000020000728                . = ALIGN (0x4)
                0x0000000020000728                _ebss = .
                0x0000000020000728                __bss_end__ = _ebss

._user_heap_stack
                0x0000000020000728      0x600 load address 0x0000000008002754
                0x0000000020000728                . = ALIGN (0x8)
                [!provide]                        PROVIDE (end = .)
                [!provide]                        PROVIDE (_end = .)
                0x0000000020000928                . = (. + _Min_Heap_Size)
 *fill*         0x0000000020000728      0x200 
                0x0000000020000d28                . = (. + _Min_Stack_Size)
 *fill*         0x0000000020000928      0x400 
                0x0000000020000d28                . = ALIGN (0x8)

/DISCARD/
 libc.a(*)
 libm.a(*)
 libgcc.a(*)

.ARM.attributes
                0x0000000000000000       0x30
 *(.ARM.attributes)
 .ARM.attributes
                0x0000000000000000       0x1e /opt/st/stm32cubeide_1.11.2/plugins/com.st.stm32cube.ide.mcu.externaltools.gnu-tools-for-stm32.10.3-2021.10.linux64_1.0.100.202210260954/tools/bin/../lib/gcc/arm-none-eabi/10.3.1/thumb/v7e-m+fp/hard/crti.o
 .ARM.attributes
                0x000000000000001e       0x34 /opt/st/stm32cubeide_1.11.2/plugins/com.st.stm32cube.ide.mcu.externaltools.gnu-tools-for-stm32.10.3-2021.10.linux64_1.0.100.202210260954/tools/bin/../lib/gcc/arm-none-eabi/10.3.1/thumb/v7e-m+fp/hard/crtbegin.o
 .ARM.attributes
                0x0000000000000052       0x34 ./Core/Src/Bitmaps.o
 .ARM.attributes
                0x0000000000000086       0x34 ./Core/Src/Drawable_Content.o
 .ARM.attributes
                0x00000000000000ba       0x34 ./Core/Src/ILI9225.o
 .ARM.attributes
                0x00000000000000ee       0x34 ./Core/Src/IM_IO.o
 .ARM.attributes
                0x0000000000000122       0x34 ./Core/Src/Level_Manager.o
 .ARM.attributes
                0x0000000000000156       0x34 ./Core/Src/Renderer.o
 .ARM.attributes
                0x000000000000018a       0x34 ./Core/Src/Soldier.o
 .ARM.attributes
                0x00000000000001be       0x34 ./Core/Src/Soldier_Handler.o
 .ARM.attributes
                0x00000000000001f2       0x34 ./Core/Src/main.o
 .ARM.attributes
                0x0000000000000226       0x34 ./Core/Src/system_stm32f4xx.o
 .ARM.attributes
                0x000000000000025a       0x21 ./Core/Startup/startup_stm32f401retx.o
 .ARM.attributes
                0x000000000000027b       0x34 /opt/st/stm32cubeide_1.11.2/plugins/com.st.stm32cube.ide.mcu.externaltools.gnu-tools-for-stm32.10.3-2021.10.linux64_1.0.100.202210260954/tools/bin/../lib/gcc/arm-none-eabi/10.3.1/../../../../arm-none-eabi/lib/thumb/v7e-m+fp/hard/libc_nano.a(lib_a-init.o)
 .ARM.attributes
                0x00000000000002af       0x34 /opt/st/stm32cubeide_1.11.2/plugins/com.st.stm32cube.ide.mcu.externaltools.gnu-tools-for-stm32.10.3-2021.10.linux64_1.0.100.202210260954/tools/bin/../lib/gcc/arm-none-eabi/10.3.1/../../../../arm-none-eabi/lib/thumb/v7e-m+fp/hard/libc_nano.a(lib_a-memcpy-stub.o)
 .ARM.attributes
                0x00000000000002e3       0x1e /opt/st/stm32cubeide_1.11.2/plugins/com.st.stm32cube.ide.mcu.externaltools.gnu-tools-for-stm32.10.3-2021.10.linux64_1.0.100.202210260954/tools/bin/../lib/gcc/arm-none-eabi/10.3.1/thumb/v7e-m+fp/hard/libgcc.a(_arm_addsubdf3.o)
 .ARM.attributes
                0x0000000000000301       0x1e /opt/st/stm32cubeide_1.11.2/plugins/com.st.stm32cube.ide.mcu.externaltools.gnu-tools-for-stm32.10.3-2021.10.linux64_1.0.100.202210260954/tools/bin/../lib/gcc/arm-none-eabi/10.3.1/thumb/v7e-m+fp/hard/libgcc.a(_arm_cmpdf2.o)
 .ARM.attributes
                0x000000000000031f       0x1e /opt/st/stm32cubeide_1.11.2/plugins/com.st.stm32cube.ide.mcu.externaltools.gnu-tools-for-stm32.10.3-2021.10.linux64_1.0.100.202210260954/tools/bin/../lib/gcc/arm-none-eabi/10.3.1/thumb/v7e-m+fp/hard/crtn.o
OUTPUT(test1.elf elf32-littlearm)
LOAD linker stubs
LOAD /opt/st/stm32cubeide_1.11.2/plugins/com.st.stm32cube.ide.mcu.externaltools.gnu-tools-for-stm32.10.3-2021.10.linux64_1.0.100.202210260954/tools/bin/../lib/gcc/arm-none-eabi/10.3.1/../../../../arm-none-eabi/lib/thumb/v7e-m+fp/hard/libc.a
LOAD /opt/st/stm32cubeide_1.11.2/plugins/com.st.stm32cube.ide.mcu.externaltools.gnu-tools-for-stm32.10.3-2021.10.linux64_1.0.100.202210260954/tools/bin/../lib/gcc/arm-none-eabi/10.3.1/../../../../arm-none-eabi/lib/thumb/v7e-m+fp/hard/libm.a
LOAD /opt/st/stm32cubeide_1.11.2/plugins/com.st.stm32cube.ide.mcu.externaltools.gnu-tools-for-stm32.10.3-2021.10.linux64_1.0.100.202210260954/tools/bin/../lib/gcc/arm-none-eabi/10.3.1/thumb/v7e-m+fp/hard/libgcc.a

.debug_info     0x0000000000000000     0x3817
 .debug_info    0x0000000000000000      0x15f ./Core/Src/Bitmaps.o
 .debug_info    0x000000000000015f      0x22f ./Core/Src/Drawable_Content.o
 .debug_info    0x000000000000038e      0xa0e ./Core/Src/ILI9225.o
 .debug_info    0x0000000000000d9c      0x6ee ./Core/Src/IM_IO.o
 .debug_info    0x000000000000148a      0x7b0 ./Core/Src/Level_Manager.o
 .debug_info    0x0000000000001c3a      0x206 ./Core/Src/Renderer.o
 .debug_info    0x0000000000001e40      0x661 ./Core/Src/Soldier.o
 .debug_info    0x00000000000024a1      0x59f ./Core/Src/Soldier_Handler.o
 .debug_info    0x0000000000002a40      0x86d ./Core/Src/main.o
 .debug_info    0x00000000000032ad      0x548 ./Core/Src/system_stm32f4xx.o
 .debug_info    0x00000000000037f5       0x22 ./Core/Startup/startup_stm32f401retx.o

.debug_abbrev   0x0000000000000000     0x1244
 .debug_abbrev  0x0000000000000000       0xb6 ./Core/Src/Bitmaps.o
 .debug_abbrev  0x00000000000000b6      0x130 ./Core/Src/Drawable_Content.o
 .debug_abbrev  0x00000000000001e6      0x1e5 ./Core/Src/ILI9225.o
 .debug_abbrev  0x00000000000003cb      0x1af ./Core/Src/IM_IO.o
 .debug_abbrev  0x000000000000057a      0x2ed ./Core/Src/Level_Manager.o
 .debug_abbrev  0x0000000000000867      0x103 ./Core/Src/Renderer.o
 .debug_abbrev  0x000000000000096a      0x23d ./Core/Src/Soldier.o
 .debug_abbrev  0x0000000000000ba7      0x275 ./Core/Src/Soldier_Handler.o
 .debug_abbrev  0x0000000000000e1c      0x300 ./Core/Src/main.o
 .debug_abbrev  0x000000000000111c      0x116 ./Core/Src/system_stm32f4xx.o
 .debug_abbrev  0x0000000000001232       0x12 ./Core/Startup/startup_stm32f401retx.o

.debug_aranges  0x0000000000000000      0x328
 .debug_aranges
                0x0000000000000000       0x20 ./Core/Src/Bitmaps.o
 .debug_aranges
                0x0000000000000020       0x20 ./Core/Src/Drawable_Content.o
 .debug_aranges
                0x0000000000000040       0xb0 ./Core/Src/ILI9225.o
 .debug_aranges
                0x00000000000000f0       0x98 ./Core/Src/IM_IO.o
 .debug_aranges
                0x0000000000000188       0x48 ./Core/Src/Level_Manager.o
 .debug_aranges
                0x00000000000001d0       0x20 ./Core/Src/Renderer.o
 .debug_aranges
                0x00000000000001f0       0x78 ./Core/Src/Soldier.o
 .debug_aranges
                0x0000000000000268       0x38 ./Core/Src/Soldier_Handler.o
 .debug_aranges
                0x00000000000002a0       0x38 ./Core/Src/main.o
 .debug_aranges
                0x00000000000002d8       0x28 ./Core/Src/system_stm32f4xx.o
 .debug_aranges
                0x0000000000000300       0x28 ./Core/Startup/startup_stm32f401retx.o

.debug_ranges   0x0000000000000000      0x298
 .debug_ranges  0x0000000000000000       0x10 ./Core/Src/Bitmaps.o
 .debug_ranges  0x0000000000000010       0x10 ./Core/Src/Drawable_Content.o
 .debug_ranges  0x0000000000000020       0xa0 ./Core/Src/ILI9225.o
 .debug_ranges  0x00000000000000c0       0x88 ./Core/Src/IM_IO.o
 .debug_ranges  0x0000000000000148       0x38 ./Core/Src/Level_Manager.o
 .debug_ranges  0x0000000000000180       0x10 ./Core/Src/Renderer.o
 .debug_ranges  0x0000000000000190       0x80 ./Core/Src/Soldier.o
 .debug_ranges  0x0000000000000210       0x28 ./Core/Src/Soldier_Handler.o
 .debug_ranges  0x0000000000000238       0x28 ./Core/Src/main.o
 .debug_ranges  0x0000000000000260       0x18 ./Core/Src/system_stm32f4xx.o
 .debug_ranges  0x0000000000000278       0x20 ./Core/Startup/startup_stm32f401retx.o

.debug_macro    0x0000000000000000    0x1017e
 .debug_macro   0x0000000000000000       0xe6 ./Core/Src/Bitmaps.o
 .debug_macro   0x00000000000000e6      0xb50 ./Core/Src/Bitmaps.o
 .debug_macro   0x0000000000000c36       0x16 ./Core/Src/Bitmaps.o
 .debug_macro   0x0000000000000c4c       0x1c ./Core/Src/Bitmaps.o
 .debug_macro   0x0000000000000c68       0x22 ./Core/Src/Bitmaps.o
 .debug_macro   0x0000000000000c8a       0x8e ./Core/Src/Bitmaps.o
 .debug_macro   0x0000000000000d18       0x51 ./Core/Src/Bitmaps.o
 .debug_macro   0x0000000000000d69      0x103 ./Core/Src/Bitmaps.o
 .debug_macro   0x0000000000000e6c       0x6a ./Core/Src/Bitmaps.o
 .debug_macro   0x0000000000000ed6      0x1df ./Core/Src/Bitmaps.o
 .debug_macro   0x00000000000010b5       0x28 ./Core/Src/Bitmaps.o
 .debug_macro   0x00000000000010dd       0x1c ./Core/Src/Bitmaps.o
 .debug_macro   0x00000000000010f9       0x22 ./Core/Src/Bitmaps.o
 .debug_macro   0x000000000000111b       0xd9 ./Core/Src/Bitmaps.o
 .debug_macro   0x00000000000011f4     0x102d ./Core/Src/Bitmaps.o
 .debug_macro   0x0000000000002221      0x11f ./Core/Src/Bitmaps.o
 .debug_macro   0x0000000000002340     0xb86c ./Core/Src/Bitmaps.o
 .debug_macro   0x000000000000dbac      0x21a ./Core/Src/Bitmaps.o
 .debug_macro   0x000000000000ddc6       0x78 ./Core/Src/Drawable_Content.o
 .debug_macro   0x000000000000de3e       0xe0 ./Core/Src/ILI9225.o
 .debug_macro   0x000000000000df1e       0xf0 ./Core/Src/IM_IO.o
 .debug_macro   0x000000000000e00e      0x127 ./Core/Src/Level_Manager.o
 .debug_macro   0x000000000000e135       0x10 ./Core/Src/Level_Manager.o
 .debug_macro   0x000000000000e145       0xef ./Core/Src/Renderer.o
 .debug_macro   0x000000000000e234      0x103 ./Core/Src/Soldier.o
 .debug_macro   0x000000000000e337       0xfb ./Core/Src/Soldier_Handler.o
 .debug_macro   0x000000000000e432      0x12c ./Core/Src/main.o
 .debug_macro   0x000000000000e55e       0x2e ./Core/Src/main.o
 .debug_macro   0x000000000000e58c       0x6d ./Core/Src/main.o
 .debug_macro   0x000000000000e5f9       0xe0 ./Core/Src/system_stm32f4xx.o
 .debug_macro   0x000000000000e6d9      0xa78 ./Core/Src/system_stm32f4xx.o
 .debug_macro   0x000000000000f151     0x102d ./Core/Src/system_stm32f4xx.o

.debug_line     0x0000000000000000     0x38a6
 .debug_line    0x0000000000000000      0x4b7 ./Core/Src/Bitmaps.o
 .debug_line    0x00000000000004b7      0x3e3 ./Core/Src/Drawable_Content.o
 .debug_line    0x000000000000089a      0x93a ./Core/Src/ILI9225.o
 .debug_line    0x00000000000011d4      0x73d ./Core/Src/IM_IO.o
 .debug_line    0x0000000000001911      0x5a4 ./Core/Src/Level_Manager.o
 .debug_line    0x0000000000001eb5      0x442 ./Core/Src/Renderer.o
 .debug_line    0x00000000000022f7      0x642 ./Core/Src/Soldier.o
 .debug_line    0x0000000000002939      0x507 ./Core/Src/Soldier_Handler.o
 .debug_line    0x0000000000002e40      0x52c ./Core/Src/main.o
 .debug_line    0x000000000000336c      0x4b2 ./Core/Src/system_stm32f4xx.o
 .debug_line    0x000000000000381e       0x88 ./Core/Startup/startup_stm32f401retx.o

.debug_str      0x0000000000000000    0x51166
 .debug_str     0x0000000000000000    0x4f8cb ./Core/Src/Bitmaps.o
                                      0x4fa35 (size before relaxing)
 .debug_str     0x000000000004f8cb       0xbc ./Core/Src/Drawable_Content.o
                                       0x412c (size before relaxing)
 .debug_str     0x000000000004f987      0x403 ./Core/Src/ILI9225.o
                                      0x4fde3 (size before relaxing)
 .debug_str     0x000000000004fd8a      0x31b ./Core/Src/IM_IO.o
                                      0x4fe04 (size before relaxing)
 .debug_str     0x00000000000500a5      0x490 ./Core/Src/Level_Manager.o
                                      0x4ff18 (size before relaxing)
 .debug_str     0x0000000000050535       0x19 ./Core/Src/Renderer.o
                                      0x4fac1 (size before relaxing)
 .debug_str     0x000000000005054e       0x7a ./Core/Src/Soldier.o
                                      0x4fcc9 (size before relaxing)
 .debug_str     0x00000000000505c8       0x41 ./Core/Src/Soldier_Handler.o
                                      0x4f55c (size before relaxing)
 .debug_str     0x0000000000050609      0x81e ./Core/Src/main.o
                                      0x50859 (size before relaxing)
 .debug_str     0x0000000000050e27      0x309 ./Core/Src/system_stm32f4xx.o
                                      0x4f5da (size before relaxing)
 .debug_str     0x0000000000051130       0x36 ./Core/Startup/startup_stm32f401retx.o
                                         0x6f (size before relaxing)

.comment        0x0000000000000000       0x50
 .comment       0x0000000000000000       0x50 ./Core/Src/Bitmaps.o
                                         0x51 (size before relaxing)
 .comment       0x0000000000000050       0x51 ./Core/Src/Drawable_Content.o
 .comment       0x0000000000000050       0x51 ./Core/Src/ILI9225.o
 .comment       0x0000000000000050       0x51 ./Core/Src/IM_IO.o
 .comment       0x0000000000000050       0x51 ./Core/Src/Level_Manager.o
 .comment       0x0000000000000050       0x51 ./Core/Src/Renderer.o
 .comment       0x0000000000000050       0x51 ./Core/Src/Soldier.o
 .comment       0x0000000000000050       0x51 ./Core/Src/Soldier_Handler.o
 .comment       0x0000000000000050       0x51 ./Core/Src/main.o
 .comment       0x0000000000000050       0x51 ./Core/Src/system_stm32f4xx.o

.debug_frame    0x0000000000000000      0xbf0
 .debug_frame   0x0000000000000000       0x38 ./Core/Src/Bitmaps.o
 .debug_frame   0x0000000000000038       0x38 ./Core/Src/Drawable_Content.o
 .debug_frame   0x0000000000000070      0x2d0 ./Core/Src/ILI9225.o
 .debug_frame   0x0000000000000340      0x240 ./Core/Src/IM_IO.o
 .debug_frame   0x0000000000000580       0xfc ./Core/Src/Level_Manager.o
 .debug_frame   0x000000000000067c       0x38 ./Core/Src/Renderer.o
 .debug_frame   0x00000000000006b4      0x1e0 ./Core/Src/Soldier.o
 .debug_frame   0x0000000000000894       0xa4 ./Core/Src/Soldier_Handler.o
 .debug_frame   0x0000000000000938       0x9c ./Core/Src/main.o
 .debug_frame   0x00000000000009d4       0x58 ./Core/Src/system_stm32f4xx.o
 .debug_frame   0x0000000000000a2c       0x2c /opt/st/stm32cubeide_1.11.2/plugins/com.st.stm32cube.ide.mcu.externaltools.gnu-tools-for-stm32.10.3-2021.10.linux64_1.0.100.202210260954/tools/bin/../lib/gcc/arm-none-eabi/10.3.1/../../../../arm-none-eabi/lib/thumb/v7e-m+fp/hard/libc_nano.a(lib_a-init.o)
 .debug_frame   0x0000000000000a58       0x28 /opt/st/stm32cubeide_1.11.2/plugins/com.st.stm32cube.ide.mcu.externaltools.gnu-tools-for-stm32.10.3-2021.10.linux64_1.0.100.202210260954/tools/bin/../lib/gcc/arm-none-eabi/10.3.1/../../../../arm-none-eabi/lib/thumb/v7e-m+fp/hard/libc_nano.a(lib_a-memcpy-stub.o)
 .debug_frame   0x0000000000000a80       0xac /opt/st/stm32cubeide_1.11.2/plugins/com.st.stm32cube.ide.mcu.externaltools.gnu-tools-for-stm32.10.3-2021.10.linux64_1.0.100.202210260954/tools/bin/../lib/gcc/arm-none-eabi/10.3.1/thumb/v7e-m+fp/hard/libgcc.a(_arm_addsubdf3.o)
 .debug_frame   0x0000000000000b2c       0xc4 /opt/st/stm32cubeide_1.11.2/plugins/com.st.stm32cube.ide.mcu.externaltools.gnu-tools-for-stm32.10.3-2021.10.linux64_1.0.100.202210260954/tools/bin/../lib/gcc/arm-none-eabi/10.3.1/thumb/v7e-m+fp/hard/libgcc.a(_arm_cmpdf2.o)
