../Core/Src/IM_IO.cpp:15:6:void IM_GPIO_INIT()	4	static
../Core/Src/IM_IO.cpp:21:6:void IM_SPI1_GPIOA_init()	4	static
../Core/Src/IM_IO.cpp:103:6:void set_SPI1_CR1(uint8_t)	16	static
../Core/Src/IM_IO.cpp:108:6:void reset_SPI1_CR1(uint8_t)	16	static
../Core/Src/IM_IO.cpp:113:6:void IM_SPI1_config()	8	static
../Core/Src/IM_IO.cpp:133:6:void IM_SPI1_Transmit(unsigned char*, uint32_t)	24	static
../Core/Src/IM_IO.cpp:152:6:void enable_cs()	4	static
../Core/Src/IM_IO.cpp:157:6:void disable_cs()	4	static
../Core/Src/IM_IO.cpp:162:6:void IM_GPIO_SetPin(GPIO_TypeDef*, uint16_t)	16	static
../Core/Src/IM_IO.cpp:167:6:void IM_GPIO_ResetPin(GPIO_TypeDef*, uint16_t)	16	static
../Core/Src/IM_IO.cpp:172:6:bool is_left_pressed()	4	static
../Core/Src/IM_IO.cpp:177:6:bool is_right_pressed()	4	static
../Core/Src/IM_IO.cpp:182:6:bool is_select_pressed()	4	static
../Core/Src/IM_IO.cpp:187:6:void speaker_fire()	16	static
../Core/Src/IM_IO.cpp:198:6:void speaker_music_lose()	16	static
../Core/Src/IM_IO.cpp:216:6:void speaker_music_start()	16	static
